 main

 Timestamp is 61e5f518 (Mon Jan 17 18:00:40 2022)

 Preferred load address is 0000000140000000

 Start         Length     Name                   Class
 0001:00000000 000003d0H .text$di                CODE
 0001:000003d0 0001cb40H .text$mn                CODE
 0001:0001cf10 00000040H .text$mn$00             CODE
 0001:0001cf50 00000330H .text$x                 CODE
 0002:00000000 00000270H .idata$5                DATA
 0002:00000270 00000028H .00cfg                  DATA
 0002:00000298 00000008H .CRT$XCA                DATA
 0002:000002a0 00000008H .CRT$XCAA               DATA
 0002:000002a8 00000008H .CRT$XCU                DATA
 0002:000002b0 00000008H .CRT$XCZ                DATA
 0002:000002b8 00000008H .CRT$XIA                DATA
 0002:000002c0 00000008H .CRT$XIAA               DATA
 0002:000002c8 00000008H .CRT$XIAC               DATA
 0002:000002d0 00000020H .CRT$XIC                DATA
 0002:000002f0 00000008H .CRT$XIZ                DATA
 0002:000002f8 00000008H .CRT$XPA                DATA
 0002:00000300 00000010H .CRT$XPX                DATA
 0002:00000310 00000008H .CRT$XPXA               DATA
 0002:00000318 00000008H .CRT$XPZ                DATA
 0002:00000320 00000008H .CRT$XTA                DATA
 0002:00000328 00000008H .CRT$XTZ                DATA
 0002:00000330 00000000H .gehcont$y              DATA
 0002:00000330 00000000H .gfids$y                DATA
 0002:00000330 00008bd0H .rdata                  DATA
 0002:00008f00 00000000H .rdata$CastGuardVftablesA DATA
 0002:00008f00 00000000H .rdata$CastGuardVftablesC DATA
 0002:00008f00 00000000H .rdata$r                DATA
 0002:00008f00 0000010cH .rdata$voltmd           DATA
 0002:0000900c 0000032cH .rdata$zzzdbg           DATA
 0002:00009338 00000008H .rtc$IAA                DATA
 0002:00009340 00000008H .rtc$IZZ                DATA
 0002:00009348 00000008H .rtc$TAA                DATA
 0002:00009350 00000008H .rtc$TZZ                DATA
 0002:00009358 00001288H .xdata                  DATA
 0002:0000a5e0 00000000H .xdata$x                DATA
 0002:0000a5e0 00000000H .edata                  DATA
 0002:0000a5e0 00000014H .idata$2                DATA
 0002:0000a5f4 00000014H .idata$3                DATA
 0002:0000a608 00000270H .idata$4                DATA
 0002:0000a878 000005a6H .idata$6                DATA
 0003:00000000 00000b60H .data                   DATA
 0003:00000b60 00000000H .data$r                 DATA
 0003:00000b60 00000000H .data$rs                DATA
 0003:00000b60 000012b0H .bss                    DATA
 0004:00000000 00001530H .pdata                  DATA
 0005:00000000 000000fcH _RDATA                  DATA

  Address         Publics by Value              Rva+Base               Lib:Object

 0000:00000000       __guard_longjmp_table      0000000000000000     <absolute>
 0000:00000000       __x64_code_ranges_to_entry_points 0000000000000000     <absolute>
 0000:00000000       __x64_code_ranges_to_entry_points_count 0000000000000000     <absolute>
 0000:00000000       __guard_fids_count         0000000000000000     <absolute>
 0000:00000000       __arm64x_redirection_metadata 0000000000000000     <absolute>
 0000:00000000       __arm64x_extra_rfe_table   0000000000000000     <absolute>
 0000:00000000       __guard_iat_table          0000000000000000     <absolute>
 0000:00000000       __hybrid_code_map          0000000000000000     <absolute>
 0000:00000000       __guard_iat_count          0000000000000000     <absolute>
 0000:00000000       __guard_longjmp_count      0000000000000000     <absolute>
 0000:00000000       __arm64x_extra_rfe_table_size 0000000000000000     <absolute>
 0000:00000000       ___safe_se_handler_count   0000000000000000     <absolute>
 0000:00000000       __dynamic_value_reloc_table 0000000000000000     <absolute>
 0000:00000000       ___safe_se_handler_table   0000000000000000     <absolute>
 0000:00000000       __hybrid_auxiliary_iat     0000000000000000     <absolute>
 0000:00000000       __hybrid_auxiliary_iat_copy 0000000000000000     <absolute>
 0000:00000000       __AbsoluteZero             0000000000000000     <absolute>
 0000:00000000       __guard_eh_cont_count      0000000000000000     <absolute>
 0000:00000000       __guard_check_icall_a64n_fptr 0000000000000000     <absolute>
 0000:00000000       __guard_fids_table         0000000000000000     <absolute>
 0000:00000000       __arm64x_redirection_metadata_count 0000000000000000     <absolute>
 0000:00000000       __enclave_config           0000000000000000     <absolute>
 0000:00000000       __guard_eh_cont_table      0000000000000000     <absolute>
 0000:00000000       __arm64x_native_entrypoint 0000000000000000     <absolute>
 0000:00000000       __hybrid_code_map_count    0000000000000000     <absolute>
 0000:00000100       __guard_flags              0000000000000100     <absolute>
 0000:00000000       __ImageBase                0000000140000000     <linker-defined>
 0001:000003d0       stbsp_vsprintf             00000001400013d0 f   main.obj
 0001:00000420       stbsp_vsnprintf            0000000140001420 f   main.obj
 0001:00000570       stbsp_sprintf              0000000140001570 f   main.obj
 0001:000005e0       stbsp_snprintf             00000001400015e0 f   main.obj
 0001:00000640       stbsp_vsprintfcb           0000000140001640 f   main.obj
 0001:00003f10       stbsp_set_separators       0000000140004f10 f   main.obj
 0001:00005d20       ??__Ks@@YA?AUString@@PEBD_K@Z 0000000140006d20 f   main.obj
 0001:00007c40       main                       0000000140008c40 f   main.obj
 0001:00008090       ??0File_Iterator@@QEAA@UString@@@Z 0000000140009090 f i main.obj
 0001:00008290       ??0Heap_Scratch_Block@@QEAA@I@Z 0000000140009290 f i main.obj
 0001:00008330       ??1File_Iterator@@QEAA@XZ  0000000140009330 f i main.obj
 0001:00008360       ??1Heap_Scratch_Block@@QEAA@XZ 0000000140009360 f i main.obj
 0001:00008390       ??AString@@QEAAAEADH@Z     0000000140009390 f i main.obj
 0001:00008420       ??BHeap_Scratch_Block@@QEAAPEAUMemory_Arena@@XZ 0000000140009420 f i main.obj
 0001:00008460       ?at_c_comment_start@Lexer@@QEAAHXZ 0000000140009460 f i main.obj
 0001:000084c0       ?at_cpp_comment_start@Lexer@@QEAAHXZ 00000001400094c0 f i main.obj
 0001:00008520       ?at_whitespace@Lexer@@QEAAHXZ 0000000140009520 f i main.obj
 0001:00008550       ?eat_token@Lexer@@QEAA?AUToken@@XZ 0000000140009550 f i main.obj
 0001:00008a20       ?get_next@File_Iterator@@QEAAHXZ 0000000140009a20 f i main.obj
 0001:00008b50       ?get_next_of@?$Doubly_Linked_List@UBlog_Item@@$0CI@$0DA@@@QEAAPEAUBlog_Item@@PEAU2@@Z 0000000140009b50 f i main.obj
 0001:00008b70       ?is_whitespace@Lexer@@QEAAHD@Z 0000000140009b70 f i main.obj
 0001:00008bd0       ?peek_token@Lexer@@QEAA?AUToken@@XZ 0000000140009bd0 f i main.obj
 0001:00008c40       ?push_tail@?$Doubly_Linked_List@UBlog_Item@@$0CI@$0DA@@@QEAAPEAUBlog_Item@@PEAU2@@Z 0000000140009c40 f i main.obj
 0001:00008d10       ?set_cursor_at_token@Lexer@@QEAAXPEAUToken@@@Z 0000000140009d10 f i main.obj
 0001:00008d40       ?skip_pass_whitespace_and_comments@Lexer@@QEAAXH@Z 0000000140009d40 f i main.obj
 0001:00008f80       ?valid@File_Iterator@@QEAAHXZ 0000000140009f80 f i main.obj
 0001:00008fc0       ?will_init_head_and_tail@?$Doubly_Linked_List@UBlog_Item@@$0CI@$0DA@@@QEAAHPEAUBlog_Item@@@Z 0000000140009fc0 f i main.obj
 0001:000090b0       __local_stdio_printf_options 000000014000a0b0 f i main.obj
 0001:000090c0       _vfprintf_l                000000014000a0c0 f i main.obj
 0001:00009110       fprintf                    000000014000a110 f i main.obj
 0001:00009170       printf                     000000014000a170 f i main.obj
 0001:000091d0       vfprintf                   000000014000a1d0 f i main.obj
 0001:00009208       __raise_securityfailure    000000014000a208 f   LIBCMT:gs_report.obj
 0001:0000923c       __report_gsfailure         000000014000a23c f   LIBCMT:gs_report.obj
 0001:00009310       __report_rangecheckfailure 000000014000a310 f   LIBCMT:gs_report.obj
 0001:00009324       __report_securityfailure   000000014000a324 f   LIBCMT:gs_report.obj
 0001:000094a4       __GSHandlerCheck           000000014000a4a4 f   LIBCMT:gshandler.obj
 0001:000094c4       __GSHandlerCheckCommon     000000014000a4c4 f   LIBCMT:gshandler.obj
 0001:00009530       _alloca_probe              000000014000a530 f   LIBCMT:chkstk.obj
 0001:00009530       __chkstk                   000000014000a530 f   LIBCMT:chkstk.obj
 0001:00009590       __security_check_cookie    000000014000a590 f   LIBCMT:amdsecgs.obj
 0001:00009810       mainCRTStartup             000000014000a810 f   LIBCMT:exe_main.obj
 0001:00009824       __scrt_acquire_startup_lock 000000014000a824 f   LIBCMT:utility.obj
 0001:00009860       __scrt_initialize_crt      000000014000a860 f   LIBCMT:utility.obj
 0001:000098ac       __scrt_initialize_onexit_tables 000000014000a8ac f   LIBCMT:utility.obj
 0001:00009938       __scrt_is_nonwritable_in_current_image 000000014000a938 f   LIBCMT:utility.obj
 0001:000099d0       __scrt_release_startup_lock 000000014000a9d0 f   LIBCMT:utility.obj
 0001:000099f4       __scrt_uninitialize_crt    000000014000a9f4 f   LIBCMT:utility.obj
 0001:00009a20       _onexit                    000000014000aa20 f   LIBCMT:utility.obj
 0001:00009a5c       atexit                     000000014000aa5c f   LIBCMT:utility.obj
 0001:00009a74       __security_init_cookie     000000014000aa74 f   LIBCMT:gs_support.obj
 0001:00009b20       __scrt_exe_initialize_mta  000000014000ab20 f   LIBCMT:utility_desktop.obj
 0001:00009b20       _get_startup_commit_mode   000000014000ab20 f   LIBCMT:commit_mode.obj
 0001:00009b20       _get_startup_thread_locale_mode 000000014000ab20 f   LIBCMT:thread_locale.obj
 0001:00009b20       __scrt_stub_for_initialize_mta 000000014000ab20 f   LIBCMT:utility_desktop.obj
 0001:00009b20       __scrt_initialize_winrt    000000014000ab20 f   LIBCMT:utility_desktop.obj
 0001:00009b20       _matherr                   000000014000ab20 f   LIBCMT:matherr.obj
 0001:00009b20       _get_startup_new_mode      000000014000ab20 f   LIBCMT:new_mode.obj
 0001:00009b24       _get_startup_argv_mode     000000014000ab24 f   LIBCMT:argv_mode.obj
 0001:00009b2c       _get_startup_file_mode     000000014000ab2c f   LIBCMT:file_mode.obj
 0001:00009b34       ?__scrt_initialize_type_info@@YAXXZ 000000014000ab34 f   LIBCMT:tncleanup.obj
 0001:00009b44       _should_initialize_environment 000000014000ab44 f   LIBCMT:env_mode.obj
 0001:00009b44       __acrt_uninitialize_command_line 000000014000ab44 f   libucrt:argv_data.obj
 0001:00009b48       _initialize_invalid_parameter_handler 000000014000ab48 f   LIBCMT:invalid_parameter_handler.obj
 0001:00009b48       _initialize_denormal_control 000000014000ab48 f   LIBCMT:denormal_control.obj
 0001:00009b48       _guard_check_icall_nop     000000014000ab48 f   LIBCMT:guard_support.obj
 0001:00009b4c       __local_stdio_scanf_options 000000014000ab4c f i LIBCMT:default_local_stdio_options.obj
 0001:00009b54       __scrt_initialize_default_local_stdio_options 000000014000ab54 f   LIBCMT:default_local_stdio_options.obj
 0001:00009b70       __scrt_is_user_matherr_present 000000014000ab70 f   LIBCMT:matherr_detection.obj
 0001:00009b7c       __scrt_get_dyn_tls_init_callback 000000014000ab7c f   LIBCMT:dyn_tls_init.obj
 0001:00009b84       __scrt_get_dyn_tls_dtor_callback 000000014000ab84 f   LIBCMT:dyn_tls_dtor.obj
 0001:00009b8c       __crt_debugger_hook        000000014000ab8c f   LIBCMT:utility_desktop.obj
 0001:00009b94       __scrt_fastfail            000000014000ab94 f   LIBCMT:utility_desktop.obj
 0001:00009ce0       __scrt_initialize_mta      000000014000ace0 f   LIBCMT:utility_desktop.obj
 0001:00009ce8       __scrt_is_managed_app      000000014000ace8 f   LIBCMT:utility_desktop.obj
 0001:00009d3c       __scrt_set_unhandled_exception_filter 000000014000ad3c f   LIBCMT:utility_desktop.obj
 0001:00009d4c       __scrt_unhandled_exception_filter 000000014000ad4c f   LIBCMT:utility_desktop.obj
 0001:00009da8       _RTC_Initialize            000000014000ada8 f   LIBCMT:initsect.obj
 0001:00009de4       _RTC_Terminate             000000014000ade4 f   LIBCMT:initsect.obj
 0001:00009e20       __isa_available_init       000000014000ae20 f   LIBCMT:cpu_disp.obj
 0001:00009fc4       __scrt_is_ucrt_dll_in_use  000000014000afc4 f   LIBCMT:ucrt_detection.obj
 0001:00009fd0       __C_specific_handler       000000014000afd0 f   libvcruntime:riscchandler.obj
 0001:0000a1dc       __vcrt_initialize          000000014000b1dc f   libvcruntime:initialization.obj
 0001:0000a204       __vcrt_uninitialize        000000014000b204 f   libvcruntime:initialization.obj
 0001:0000a220       __DestructExceptionObject  000000014000b220 f   libvcruntime:ehhelpers.obj
 0001:0000a290       ?_CallMemberFunction0@@YAXQEAX0@Z 000000014000b290 f i libvcruntime:ehhelpers.obj
 0001:0000a294       __current_exception        000000014000b294 f   libvcruntime:ehhelpers.obj
 0001:0000a2a8       __current_exception_context 000000014000b2a8 f   libvcruntime:ehhelpers.obj
 0001:0000a2d0       memset_repmovs             000000014000b2d0 f   libvcruntime:memset.obj
 0001:0000a2f0       memset                     000000014000b2f0 f   libvcruntime:memset.obj
 0001:0000a490       _NLG_Notify                000000014000b490 f   libvcruntime:notify.obj
 0001:0000a4b0       __NLG_Dispatch2            000000014000b4b0 f   libvcruntime:notify.obj
 0001:0000a4c0       __NLG_Return2              000000014000b4c0 f   libvcruntime:notify.obj
 0001:0000a4c4       __except_validate_context_record 000000014000b4c4 f   libvcruntime:jbcxrval.obj
 0001:0000a4fc       __vcrt_freefls             000000014000b4fc f   libvcruntime:per_thread_data.obj
 0001:0000a51c       __vcrt_getptd              000000014000b51c f   libvcruntime:per_thread_data.obj
 0001:0000a538       __vcrt_getptd_noexit       000000014000b538 f   libvcruntime:per_thread_data.obj
 0001:0000a5f8       __vcrt_initialize_ptd      000000014000b5f8 f   libvcruntime:per_thread_data.obj
 0001:0000a640       __vcrt_uninitialize_ptd    000000014000b640 f   libvcruntime:per_thread_data.obj
 0001:0000a664       __vcrt_initialize_locks    000000014000b664 f   libvcruntime:locks.obj
 0001:0000a698       __vcrt_uninitialize_locks  000000014000b698 f   libvcruntime:locks.obj
 0001:0000a820       __vcrt_FlsAlloc            000000014000b820 f   libvcruntime:winapi_downlevel.obj
 0001:0000a868       __vcrt_FlsFree             000000014000b868 f   libvcruntime:winapi_downlevel.obj
 0001:0000a8b0       __vcrt_FlsGetValue         000000014000b8b0 f   libvcruntime:winapi_downlevel.obj
 0001:0000a8f8       __vcrt_FlsSetValue         000000014000b8f8 f   libvcruntime:winapi_downlevel.obj
 0001:0000a94c       __vcrt_InitializeCriticalSectionEx 000000014000b94c f   libvcruntime:winapi_downlevel.obj
 0001:0000a9c0       memcpy_repmovs             000000014000b9c0 f   libvcruntime:memcpy.obj
 0001:0000a9e0       memmove                    000000014000b9e0 f   libvcruntime:memcpy.obj
 0001:0000a9e0       memcpy                     000000014000b9e0 f   libvcruntime:memcpy.obj
 0001:0000b070       _CallSettingFrame          000000014000c070 f   libvcruntime:handlers.obj
 0001:0000b0c0       _CallSettingFrame_LookupContinuationIndex 000000014000c0c0 f   libvcruntime:handlers.obj
 0001:0000b0f0       _CallSettingFrame_NotifyContinuationAddr 000000014000c0f0 f   libvcruntime:handlers.obj
 0001:0000b120       _CallSettingFrameEncoded   000000014000c120 f   libvcruntime:handlers.obj
 0001:0000b168       __acrt_initialize_stdio    000000014000c168 f   libucrt:_file.obj
 0001:0000b288       __acrt_iob_func            000000014000c288 f   libucrt:_file.obj
 0001:0000b29c       __acrt_uninitialize_stdio  000000014000c29c f   libucrt:_file.obj
 0001:0000b2f8       _lock_file                 000000014000c2f8 f   libucrt:_file.obj
 0001:0000b304       _unlock_file               000000014000c304 f   libucrt:_file.obj
 0001:0000b310       _fclose_nolock             000000014000c310 f   libucrt:fclose.obj
 0001:0000b394       fclose                     000000014000c394 f   libucrt:fclose.obj
 0001:0000b4b4       fopen                      000000014000c4b4 f   libucrt:fopen.obj
 0001:0000b4c0       _fread_nolock_s            000000014000c4c0 f   libucrt:fread.obj
 0001:0000b720       fread                      000000014000c720 f   libucrt:fread.obj
 0001:0000b740       fread_s                    000000014000c740 f   libucrt:fread.obj
 0001:0000b9f0       fseek                      000000014000c9f0 f   libucrt:fseek.obj
 0001:0000bee4       _ftelli64_nolock           000000014000cee4 f   libucrt:ftell.obj
 0001:0000beec       ftell                      000000014000ceec f   libucrt:ftell.obj
 0001:0000bf34       ??$ensure_buffer_is_big_enough@D@formatting_buffer@__crt_stdio_output@@QEAA_N_K@Z 000000014000cf34 f i libucrt:output.obj
 0001:0000bfdc       ??$type_case_integer_parse_into_buffer@I@?$output_processor@DV?$stream_output_adapter@D@__crt_stdio_output@@V?$standard_base@DV?$stream_output_adapter@D@__crt_stdio_output@@@2@@__crt_stdio_output@@AEAAXII_N@Z 000000014000cfdc f i libucrt:output.obj
 0001:0000c064       ??$type_case_integer_parse_into_buffer@_K@?$output_processor@DV?$stream_output_adapter@D@__crt_stdio_output@@V?$standard_base@DV?$stream_output_adapter@D@__crt_stdio_output@@@2@@__crt_stdio_output@@AEAAX_KI_N@Z 000000014000d064 f i libucrt:output.obj
 0001:0000c0f4       ??$write_multiple_characters@V?$stream_output_adapter@D@__crt_stdio_output@@D@__crt_stdio_output@@YAXAEBV?$stream_output_adapter@D@0@DHQEAH@Z 000000014000d0f4 f i libucrt:output.obj
 0001:0000c180       ??0_LocaleUpdate@@QEAA@QEAU__crt_locale_pointers@@@Z 000000014000d180 f i libucrt:output.obj
 0001:0000c350       ?crop_zeroes@__crt_stdio_output@@YAXPEADQEAU__crt_locale_pointers@@@Z 000000014000d350 f i libucrt:output.obj
 0001:0000c3f0       ?force_decimal_point@__crt_stdio_output@@YAXPEADQEAU__crt_locale_pointers@@@Z 000000014000d3f0 f i libucrt:output.obj
 0001:0000c468       ?parse_int_from_format_string@?$output_processor@DV?$stream_output_adapter@D@__crt_stdio_output@@V?$standard_base@DV?$stream_output_adapter@D@__crt_stdio_output@@@2@@__crt_stdio_output@@AEAA_NQEAH@Z 000000014000d468 f i libucrt:output.obj
 0001:0000c50c       ?process@?$output_processor@DV?$stream_output_adapter@D@__crt_stdio_output@@V?$standard_base@DV?$stream_output_adapter@D@__crt_stdio_output@@@2@@__crt_stdio_output@@QEAAHXZ 000000014000d50c f i libucrt:output.obj
 0001:0000c720       ?state_case_normal@?$output_processor@DV?$stream_output_adapter@D@__crt_stdio_output@@V?$standard_base@DV?$stream_output_adapter@D@__crt_stdio_output@@@2@@__crt_stdio_output@@AEAA_NXZ 000000014000d720 f i libucrt:output.obj
 0001:0000c790       ?state_case_normal_tchar@?$output_processor@DV?$stream_output_adapter@D@__crt_stdio_output@@V?$standard_base@DV?$stream_output_adapter@D@__crt_stdio_output@@@2@@__crt_stdio_output@@AEAA_ND@Z 000000014000d790 f i libucrt:output.obj
 0001:0000c834       ?state_case_size@?$output_processor@DV?$stream_output_adapter@D@__crt_stdio_output@@V?$standard_base@DV?$stream_output_adapter@D@__crt_stdio_output@@@2@@__crt_stdio_output@@AEAA_NXZ 000000014000d834 f i libucrt:output.obj
 0001:0000c9a4       ?state_case_type@?$output_processor@DV?$stream_output_adapter@D@__crt_stdio_output@@V?$standard_base@DV?$stream_output_adapter@D@__crt_stdio_output@@@2@@__crt_stdio_output@@AEAA_NXZ 000000014000d9a4 f i libucrt:output.obj
 0001:0000cc30       ?to_integer_size@__crt_stdio_output@@YA_KW4length_modifier@1@@Z 000000014000dc30 f i libucrt:output.obj
 0001:0000cc98       ?type_case_Z@?$output_processor@DV?$stream_output_adapter@D@__crt_stdio_output@@V?$standard_base@DV?$stream_output_adapter@D@__crt_stdio_output@@@2@@__crt_stdio_output@@AEAA_NXZ 000000014000dc98 f i libucrt:output.obj
 0001:0000cd0c       ?type_case_a@?$output_processor@DV?$stream_output_adapter@D@__crt_stdio_output@@V?$standard_base@DV?$stream_output_adapter@D@__crt_stdio_output@@@2@@__crt_stdio_output@@AEAA_NXZ 000000014000dd0c f i libucrt:output.obj
 0001:0000cec8       ?type_case_c_tchar@?$output_processor@DV?$stream_output_adapter@D@__crt_stdio_output@@V?$standard_base@DV?$stream_output_adapter@D@__crt_stdio_output@@@2@@__crt_stdio_output@@AEAA_ND@Z 000000014000dec8 f i libucrt:output.obj
 0001:0000cf90       ?type_case_integer@?$output_processor@DV?$stream_output_adapter@D@__crt_stdio_output@@V?$standard_base@DV?$stream_output_adapter@D@__crt_stdio_output@@@2@@__crt_stdio_output@@AEAA_NI_N@Z 000000014000df90 f i libucrt:output.obj
 0001:0000d110       ?type_case_n@?$output_processor@DV?$stream_output_adapter@D@__crt_stdio_output@@V?$standard_base@DV?$stream_output_adapter@D@__crt_stdio_output@@@2@@__crt_stdio_output@@AEAA_NXZ 000000014000e110 f i libucrt:output.obj
 0001:0000d198       ?type_case_s@?$output_processor@DV?$stream_output_adapter@D@__crt_stdio_output@@V?$standard_base@DV?$stream_output_adapter@D@__crt_stdio_output@@@2@@__crt_stdio_output@@AEAA_NXZ 000000014000e198 f i libucrt:output.obj
 0001:0000d230       ?validate_stream_is_ansi_if_required@?$__acrt_stdio_char_traits@D@@SA_NQEAU_iobuf@@@Z 000000014000e230 f i libucrt:output.obj
 0001:0000d2cc       ?write_stored_string_tchar@?$output_processor@DV?$stream_output_adapter@D@__crt_stdio_output@@V?$standard_base@DV?$stream_output_adapter@D@__crt_stdio_output@@@2@@__crt_stdio_output@@AEAA_ND@Z 000000014000e2cc f i libucrt:output.obj
 0001:0000d3f0       ?write_string_impl@?$output_adapter_common@DV?$stream_output_adapter@D@__crt_stdio_output@@@__crt_stdio_output@@IEBAXQEBDHQEAHAEAV__crt_deferred_errno_cache@@@Z 000000014000e3f0 f i libucrt:output.obj
 0001:0000d4e8       __stdio_common_vfprintf    000000014000e4e8 f   libucrt:output.obj
 0001:0000d574       _seh_filter_exe            000000014000e574 f   libucrt:exception_filter.obj
 0001:0000d6f8       _query_app_type            000000014000e6f8 f   libucrt:report_runtime_error.obj
 0001:0000d700       _set_app_type              000000014000e700 f   libucrt:report_runtime_error.obj
 0001:0000d708       __acrt_has_user_matherr    000000014000e708 f   libucrt:matherr.obj
 0001:0000d728       __acrt_initialize_user_matherr 000000014000e728 f   libucrt:matherr.obj
 0001:0000d730       __acrt_invoke_user_matherr 000000014000e730 f   libucrt:matherr.obj
 0001:0000d760       __setusermatherr           000000014000e760 f   libucrt:matherr.obj
 0001:0000d948       __acrt_allocate_buffer_for_argv 000000014000e948 f   libucrt:argv_parsing.obj
 0001:0000d9a8       _configure_narrow_argv     000000014000e9a8 f   libucrt:argv_parsing.obj
 0001:0000ddf4       __dcrt_get_or_create_narrow_environment_nolock 000000014000edf4 f   libucrt:environment_initialization.obj
 0001:0000de30       __dcrt_uninitialize_environments_nolock 000000014000ee30 f   libucrt:environment_initialization.obj
 0001:0000de68       _get_initial_narrow_environment 000000014000ee68 f   libucrt:environment_initialization.obj
 0001:0000deb8       _initialize_narrow_environment 000000014000eeb8 f   libucrt:environment_initialization.obj
 0001:0000dec0       _initterm                  000000014000eec0 f   libucrt:initterm.obj
 0001:0000df24       _initterm_e                000000014000ef24 f   libucrt:initterm.obj
 0001:0000e1d0       __acrt_initialize_thread_local_exit_callback 000000014000f1d0 f   libucrt:exit.obj
 0001:0000e1d8       _c_exit                    000000014000f1d8 f   libucrt:exit.obj
 0001:0000e1e8       _cexit                     000000014000f1e8 f   libucrt:exit.obj
 0001:0000e1f8       _exit                      000000014000f1f8 f   libucrt:exit.obj
 0001:0000e204       _register_thread_local_exe_atexit_callback 000000014000f204 f   libucrt:exit.obj
 0001:0000e240       exit                       000000014000f240 f   libucrt:exit.obj
 0001:0000e24c       _get_fmode                 000000014000f24c f   libucrt:setmode.obj
 0001:0000e27c       _set_fmode                 000000014000f27c f   libucrt:setmode.obj
 0001:0000e2bc       _setmode_nolock            000000014000f2bc f   libucrt:setmode.obj
 0001:0000e39c       __acrt_initialize_command_line 000000014000f39c f   libucrt:argv_data.obj
 0001:0000e3c4       __p___argc                 000000014000f3c4 f   libucrt:argv_data.obj
 0001:0000e3cc       __p___argv                 000000014000f3cc f   libucrt:argv_data.obj
 0001:0000e444       __acrt_set_locale_changed  000000014000f444 f   libucrt:wsetlocale.obj
 0001:0000e450       __acrt_uninitialize_locale 000000014000f450 f   libucrt:wsetlocale.obj
 0001:0000e480       _configthreadlocale        000000014000f480 f   libucrt:wsetlocale.obj
 0001:0000e4ec       _query_new_mode            000000014000f4ec f   libucrt:new_mode.obj
 0001:0000e4f4       _set_new_mode              000000014000f4f4 f   libucrt:new_mode.obj
 0001:0000e520       __p__commode               000000014000f520 f   libucrt:ncommode.obj
 0001:0000e868       _crt_atexit                000000014000f868 f   libucrt:onexit.obj
 0001:0000e878       _execute_onexit_table      000000014000f878 f   libucrt:onexit.obj
 0001:0000e8b4       _initialize_onexit_table   000000014000f8b4 f   libucrt:onexit.obj
 0001:0000e8dc       _register_onexit_function  000000014000f8dc f   libucrt:onexit.obj
 0001:0000ea50       __acrt_initialize          000000014000fa50 f   libucrt:initialization.obj
 0001:0000ea64       __acrt_uninitialize        000000014000fa64 f   libucrt:initialization.obj
 0001:0000ea9c       terminate                  000000014000fa9c f   libucrt:terminate.obj
 0001:0000eabc       free                       000000014000fabc f   libucrt:free.obj
 0001:0000ead0       strcpy_s                   000000014000fad0 f   libucrt:strcpy_s.obj
 0001:0000eb30       abort                      000000014000fb30 f   libucrt:abort.obj
 0001:0000eb88       calloc                     000000014000fb88 f   libucrt:calloc.obj
 0001:0000eb90       ??$parse_integer@KV?$c_string_character_source@D@__crt_strtox@@@__crt_strtox@@YAKQEAU__crt_locale_pointers@@V?$c_string_character_source@D@0@H_N@Z 000000014000fb90 f i libucrt:atox.obj
 0001:0000ee94       _ischartype_l              000000014000fe94 f i libucrt:atox.obj
 0001:0000ef20       strncmp                    000000014000ff20 f   libucrt:strncmp.obj
 0001:0000efa0       wcsncmp                    000000014000ffa0 f   libucrt:wcsncmp.obj
 0001:0000efcc       __acrt_call_reportfault    000000014000ffcc f   libucrt:invalid_parameter.obj
 0001:0000f128       __acrt_initialize_invalid_parameter_handler 0000000140010128 f   libucrt:invalid_parameter.obj
 0001:0000f130       _invalid_parameter         0000000140010130 f   libucrt:invalid_parameter.obj
 0001:0000f1e0       _invalid_parameter_noinfo  00000001400101e0 f   libucrt:invalid_parameter.obj
 0001:0000f200       _invoke_watson             0000000140010200 f   libucrt:invalid_parameter.obj
 0001:0000f248       __acrt_errno_from_os_error 0000000140010248 f   libucrt:errno.obj
 0001:0000f290       __acrt_errno_map_os_error  0000000140010290 f   libucrt:errno.obj
 0001:0000f2e0       __doserrno                 00000001400102e0 f   libucrt:errno.obj
 0001:0000f300       _errno                     0000000140010300 f   libucrt:errno.obj
 0001:0000f320       _calloc_base               0000000140010320 f   libucrt:calloc_base.obj
 0001:0000f398       _free_base                 0000000140010398 f   libucrt:free_base.obj
 0001:0000f5b0       __acrt_AppPolicyGetProcessTerminationMethodInternal 00000001400105b0 f   libucrt:winapi_thunks.obj
 0001:0000f600       __acrt_AreFileApisANSI     0000000140010600 f   libucrt:winapi_thunks.obj
 0001:0000f63c       __acrt_CompareStringEx     000000014001063c f   libucrt:winapi_thunks.obj
 0001:0000f718       __acrt_FlsAlloc            0000000140010718 f   libucrt:winapi_thunks.obj
 0001:0000f760       __acrt_FlsFree             0000000140010760 f   libucrt:winapi_thunks.obj
 0001:0000f7a8       __acrt_FlsGetValue         00000001400107a8 f   libucrt:winapi_thunks.obj
 0001:0000f7f0       __acrt_FlsSetValue         00000001400107f0 f   libucrt:winapi_thunks.obj
 0001:0000f844       __acrt_InitializeCriticalSectionEx 0000000140010844 f   libucrt:winapi_thunks.obj
 0001:0000f8a8       __acrt_LCMapStringEx       00000001400108a8 f   libucrt:winapi_thunks.obj
 0001:0000f984       __acrt_LocaleNameToLCID    0000000140010984 f   libucrt:winapi_thunks.obj
 0001:0000f9d4       __acrt_initialize_winapi_thunks 00000001400109d4 f   libucrt:winapi_thunks.obj
 0001:0000fa08       __acrt_uninitialize_winapi_thunks 0000000140010a08 f   libucrt:winapi_thunks.obj
 0001:0000fa4c       _fcloseall                 0000000140010a4c f   libucrt:closeall.obj
 0001:0000fcdc       __acrt_stdio_flush_nolock  0000000140010cdc f   libucrt:fflush.obj
 0001:0000fd58       _fflush_nolock             0000000140010d58 f   libucrt:fflush.obj
 0001:0000fda4       _flushall                  0000000140010da4 f   libucrt:fflush.obj
 0001:0000fdac       __acrt_stdio_free_buffer_nolock 0000000140010dac f   libucrt:_freebuf.obj
 0001:0000ffe8       __acrt_initialize_lowio    0000000140010fe8 f   libucrt:ioinit.obj
 0001:00010024       __acrt_uninitialize_lowio  0000000140011024 f   libucrt:ioinit.obj
 0001:000100d8       _close                     00000001400110d8 f   libucrt:close.obj
 0001:0001017c       _close_nolock              000000014001117c f   libucrt:close.obj
 0001:0001023c       _fileno                    000000014001123c f   libucrt:fileno.obj
 0001:00010264       ?__acrt_stdio_allocate_stream@@YA?AV__crt_stdio_stream@@XZ 0000000140011264 f   libucrt:stream.obj
 0001:000102bc       ?__acrt_stdio_free_stream@@YAXV__crt_stdio_stream@@@Z 00000001400112bc f   libucrt:stream.obj
 0001:000103c4       ??$__acrt_stdio_parse_mode@D@@YA?AU__acrt_stdio_stream_mode@@QEBD@Z 00000001400113c4 f i libucrt:openfile.obj
 0001:00010688       _openfile                  0000000140011688 f   libucrt:openfile.obj
 0001:00010c8c       _read                      0000000140011c8c f   libucrt:read.obj
 0001:00010da8       _read_nolock               0000000140011da8 f   libucrt:read.obj
 0001:00011200       __acrt_stdio_refill_and_read_narrow_nolock 0000000140012200 f   libucrt:_filbuf.obj
 0001:000114f8       _lseeki64                  00000001400124f8 f   libucrt:lseek.obj
 0001:00011500       _lseeki64_nolock           0000000140012500 f   libucrt:lseek.obj
 0001:00011508       _malloc_base               0000000140012508 f   libucrt:malloc_base.obj
 0001:00011568       strtol                     0000000140012568 f   libucrt:strtox.obj
 0001:00011594       _mbtowc_l                  0000000140012594 f   libucrt:mbtowc.obj
 0001:00011714       mbtowc                     0000000140012714 f   libucrt:mbtowc.obj
 0001:0001171c       _wctomb_s_l                000000014001271c f   libucrt:wctomb.obj
 0001:000118b8       strnlen                    00000001400128b8 f   libucrt:strnlen.obj
 0001:00011a08       wcsnlen                    0000000140012a08 f   libucrt:strnlen.obj
 0001:00011f58       __acrt_getptd              0000000140012f58 f   libucrt:per_thread_data.obj
 0001:0001202c       __acrt_getptd_head         000000014001302c f   libucrt:per_thread_data.obj
 0001:000120d4       __acrt_getptd_noexit       00000001400130d4 f   libucrt:per_thread_data.obj
 0001:000121a0       __acrt_initialize_ptd      00000001400131a0 f   libucrt:per_thread_data.obj
 0001:000121dc       __acrt_uninitialize_ptd    00000001400131dc f   libucrt:per_thread_data.obj
 0001:00012200       __acrt_update_locale_info  0000000140013200 f   libucrt:locale_update.obj
 0001:00012234       __acrt_update_multibyte_info 0000000140013234 f   libucrt:locale_update.obj
 0001:00012c74       __acrt_fp_format           0000000140013c74 f   libucrt:cvt.obj
 0001:00012fac       _fputc_nolock              0000000140013fac f   libucrt:fputc.obj
 0001:00012fc4       _get_printf_count_output   0000000140013fc4 f   libucrt:printf_count_output.obj
 0001:00012fdc       __acrt_should_use_temporary_buffer 0000000140013fdc f   libucrt:_sftbuf.obj
 0001:00013024       __acrt_stdio_begin_temporary_buffering_nolock 0000000140014024 f   libucrt:_sftbuf.obj
 0001:000130ec       __acrt_stdio_end_temporary_buffering_nolock 00000001400140ec f   libucrt:_sftbuf.obj
 0001:0001313c       ??$__acrt_mbs_to_wcs_cp@U__crt_win32_buffer_internal_dynamic_resizing@@@@YAHQEBDAEAV?$__crt_win32_buffer@_WU__crt_win32_buffer_internal_dynamic_resizing@@@@I@Z 000000014001413c f i libucrt:argv_wildcards.obj
 0001:000132b4       ??$__acrt_wcs_to_mbs_cp@U__crt_win32_buffer_internal_dynamic_resizing@@@@YAHQEB_WAEAV?$__crt_win32_buffer@DU__crt_win32_buffer_internal_dynamic_resizing@@@@I@Z 00000001400142b4 f i libucrt:argv_wildcards.obj
 0001:00013ae4       __acrt_expand_narrow_argv_wildcards 0000000140014ae4 f   libucrt:argv_wildcards.obj
 0001:00013aec       ??$__acrt_wcs_to_mbs_cp@U__crt_win32_buffer_no_resizing@@@@YAHQEB_WAEAV?$__crt_win32_buffer@DU__crt_win32_buffer_no_resizing@@@@I@Z 0000000140014aec f i libucrt:getmodulefilenamea.obj
 0001:00013c00       __acrt_GetModuleFileNameA  0000000140014c00 f   libucrt:getmodulefilenamea.obj
 0001:00014448       __acrt_initialize_multibyte 0000000140015448 f   libucrt:mbctype.obj
 0001:000144a8       __acrt_update_thread_multibyte_data 00000001400154a8 f   libucrt:mbctype.obj
 0001:000144c4       _setmbcp_nolock            00000001400154c4 f   libucrt:mbctype.obj
 0001:000147f8       _ismbblead                 00000001400157f8 f   libucrt:ismbbyte.obj
 0001:0001480c       __acrt_MultiByteToWideChar 000000014001580c f   libucrt:multibytetowidechar.obj
 0001:00014868       __acrt_WideCharToMultiByte 0000000140015868 f   libucrt:widechartomultibyte.obj
 0001:00014918       __dcrt_get_narrow_environment_from_os 0000000140015918 f   libucrt:get_environment_from_os.obj
 0001:00014e24       __dcrt_set_variable_in_narrow_environment_nolock 0000000140015e24 f   libucrt:setenv.obj
 0001:00014e2c       __acrt_initialize_locks    0000000140015e2c f   libucrt:locks.obj
 0001:00014e74       __acrt_lock                0000000140015e74 f   libucrt:locks.obj
 0001:00014e90       __acrt_uninitialize_locks  0000000140015e90 f   libucrt:locks.obj
 0001:00014ec8       __acrt_unlock              0000000140015ec8 f   libucrt:locks.obj
 0001:00014ee4       __acrt_get_process_end_policy 0000000140015ee4 f   libucrt:win_policies.obj
 0001:00014f20       __acrt_lowio_create_handle_array 0000000140015f20 f   libucrt:osfinfo.obj
 0001:00014fc8       __acrt_lowio_destroy_handle_array 0000000140015fc8 f   libucrt:osfinfo.obj
 0001:00015018       __acrt_lowio_ensure_fh_exists 0000000140016018 f   libucrt:osfinfo.obj
 0001:000150c0       __acrt_lowio_lock_fh       00000001400160c0 f   libucrt:osfinfo.obj
 0001:000150e8       __acrt_lowio_set_os_handle 00000001400160e8 f   libucrt:osfinfo.obj
 0001:000151a8       __acrt_lowio_unlock_fh     00000001400161a8 f   libucrt:osfinfo.obj
 0001:000151d0       _alloc_osfhnd              00000001400161d0 f   libucrt:osfinfo.obj
 0001:00015310       _free_osfhnd               0000000140016310 f   libucrt:osfinfo.obj
 0001:000153cc       _get_osfhandle             00000001400163cc f   libucrt:osfinfo.obj
 0001:00015444       __acrt_initialize_fmode    0000000140016444 f   libucrt:txtmode.obj
 0001:00015460       __acrt_locale_free_monetary 0000000140016460 f   libucrt:initmon.obj
 0001:0001556c       __acrt_locale_free_numeric 000000014001656c f   libucrt:initnum.obj
 0001:00015630       __acrt_locale_free_time    0000000140016630 f   libucrt:inittime.obj
 0001:00015738       __pctype_func              0000000140016738 f   libucrt:ctype.obj
 0001:00015768       __acrt_GetStringTypeA      0000000140016768 f   libucrt:getstringtypea.obj
 0001:000158f8       __acrt_add_locale_ref      00000001400168f8 f   libucrt:locale_refcounting.obj
 0001:00015984       __acrt_free_locale         0000000140016984 f   libucrt:locale_refcounting.obj
 0001:00015afc       __acrt_locale_add_lc_time_reference 0000000140016afc f   libucrt:locale_refcounting.obj
 0001:00015b24       __acrt_locale_free_lc_time_if_unreferenced 0000000140016b24 f   libucrt:locale_refcounting.obj
 0001:00015b5c       __acrt_locale_release_lc_time_reference 0000000140016b5c f   libucrt:locale_refcounting.obj
 0001:00015b84       __acrt_release_locale_ref  0000000140016b84 f   libucrt:locale_refcounting.obj
 0001:00015c2c       __acrt_update_thread_locale_data 0000000140016c2c f   libucrt:locale_refcounting.obj
 0001:00015c9c       _updatetlocinfoEx_nolock   0000000140016c9c f   libucrt:locale_refcounting.obj
 0001:00015d04       _recalloc_base             0000000140016d04 f   libucrt:recalloc.obj
 0001:00015d9c       __acrt_initialize_heap     0000000140016d9c f   libucrt:heap_handle.obj
 0001:00015db8       __acrt_uninitialize_heap   0000000140016db8 f   libucrt:heap_handle.obj
 0001:00015dc4       __acrt_execute_initializers 0000000140016dc4 f   libucrt:shared_initialization.obj
 0001:00015e44       __acrt_execute_uninitializers 0000000140016e44 f   libucrt:shared_initialization.obj
 0001:00015e80       __acrt_initialize_new_handler 0000000140016e80 f   libucrt:new_handler.obj
 0001:00015e88       _callnewh                  0000000140016e88 f   libucrt:new_handler.obj
 0001:00015eb8       _query_new_handler         0000000140016eb8 f   libucrt:new_handler.obj
 0001:00015f34       __acrt_get_sigabrt_handler 0000000140016f34 f   libucrt:signal.obj
 0001:00015f64       __acrt_initialize_signal_handlers 0000000140016f64 f   libucrt:signal.obj
 0001:00015f84       raise                      0000000140016f84 f   libucrt:signal.obj
 0001:000161f0       _isctype_l                 00000001400171f0 f   libucrt:isctype.obj
 0001:000162f8       __acrt_DownlevelLocaleNameToLCID 00000001400172f8 f   libucrt:lcidtoname_downlevel.obj
 0001:00016434       _commit                    0000000140017434 f   libucrt:commit.obj
 0001:00016d44       _write                     0000000140017d44 f   libucrt:write.obj
 0001:00016e30       _write_nolock              0000000140017e30 f   libucrt:write.obj
 0001:00017114       __ascii_wcsnicmp           0000000140018114 f   libucrt:wcsnicmp.obj
 0001:00017160       __ascii_strnicmp           0000000140018160 f   libucrt:strnicmp.obj
 0001:000171ac       _strnicmp                  00000001400181ac f   libucrt:strnicmp.obj
 0001:000171fc       _strnicmp_l                00000001400181fc f   libucrt:strnicmp.obj
 0001:000178d4       _sopen_nolock              00000001400188d4 f   libucrt:open.obj
 0001:000179ec       _sopen_s                   00000001400189ec f   libucrt:open.obj
 0001:00017a20       _wsopen_nolock             0000000140018a20 f   libucrt:open.obj
 0001:00017e08       _isatty                    0000000140018e08 f   libucrt:isatty.obj
 0001:00017e68       __acrt_stdio_allocate_buffer_nolock 0000000140018e68 f   libucrt:_getbuf.obj
 0001:00017ed4       _isleadbyte_l              0000000140018ed4 f i libucrt:_wctype.obj
 0001:00017f20       ?__mbrtowc_utf8@__crt_mbstring@@YA_KPEA_WPEBD_KPEAU_Mbstatet@@@Z 0000000140018f20 f   libucrt:mbrtowc.obj
 0001:00017f5c       ?__mbsrtowcs_utf8@__crt_mbstring@@YA_KPEA_WPEAPEBD_KPEAU_Mbstatet@@@Z 0000000140018f5c f   libucrt:mbrtowc.obj
 0001:000180d4       ?__c32rtomb_utf8@__crt_mbstring@@YA_KPEAD_UPEAU_Mbstatet@@@Z 00000001400190d4 f   libucrt:c32rtomb.obj
 0001:00018188       __acrt_fp_strflt_to_string 0000000140019188 f   libucrt:_fptostr.obj
 0001:000182f0       ?divide@__crt_strtox@@YA_KAEAUbig_integer@1@AEBU21@@Z 00000001400192f0 f i libucrt:cfout.obj
 0001:0001871c       __acrt_fltout              000000014001971c f   libucrt:cfout.obj
 0001:000199e8       fegetround                 000000014001a9e8 f   libucrt:fegetround.obj
 0001:00019b5c       __acrt_stdio_flush_and_write_narrow_nolock 000000014001ab5c f   libucrt:_flsbuf.obj
 0001:00019c20       qsort                      000000014001ac20 f   libucrt:qsort.obj
 0001:00019fc0       strncpy_s                  000000014001afc0 f   libucrt:strncpy_s.obj
 0001:0001a140       strpbrk                    000000014001b140 f   libucrt:strpbrk.obj
 0001:0001a508       _mbsdec                    000000014001b508 f   libucrt:mbsdec.obj
 0001:0001a510       _mbsdec_l                  000000014001b510 f   libucrt:mbsdec.obj
 0001:0001a8bc       __acrt_LCMapStringA        000000014001b8bc f   libucrt:lcmapstringa.obj
 0001:0001a96c       _strnicoll                 000000014001b96c f   libucrt:strnicol.obj
 0001:0001a984       _strnicoll_l               000000014001b984 f   libucrt:strnicol.obj
 0001:0001aa84       __acrt_SetEnvironmentVariableA 000000014001ba84 f   libucrt:setenvironmentvariablea.obj
 0001:0001ac1c       _msize_base                000000014001bc1c f   libucrt:msize.obj
 0001:0001ac58       _realloc_base              000000014001bc58 f   libucrt:realloc_base.obj
 0001:0001acd4       _putwch_nolock             000000014001bcd4 f   libucrt:putwch.obj
 0001:0001ad10       _chsize_nolock             000000014001bd10 f   libucrt:chsize.obj
 0001:0001ae7c       ?__mbrtoc32_utf8@__crt_mbstring@@YA_KPEA_UPEBD_KPEAU_Mbstatet@@@Z 000000014001be7c f   libucrt:mbrtoc32.obj
 0001:0001b054       _controlfp_s               000000014001c054 f   libucrt:contrlfp.obj
 0001:0001b0b8       fegetenv                   000000014001c0b8 f   libucrt:fegetenv.obj
 0001:0001b0d8       fesetenv                   000000014001c0d8 f   libucrt:fesetenv.obj
 0001:0001b124       feholdexcept               000000014001c124 f   libucrt:feholdexcept.obj
 0001:0001b174       ceil                       000000014001c174 f   libucrt:ceil.obj
 0001:0001b240       log10                      000000014001c240 f   libucrt:log10.obj
 0001:0001b7ec       __acrt_fenv_get_common_round_control 000000014001c7ec f   libucrt:_fenvutils.obj
 0001:0001b7f8       __acrt_fenv_get_control    000000014001c7f8 f   libucrt:_fenvutils.obj
 0001:0001b8ec       __acrt_fenv_get_status     000000014001c8ec f   libucrt:_fenvutils.obj
 0001:0001b940       __acrt_fenv_set_control    000000014001c940 f   libucrt:_fenvutils.obj
 0001:0001ba88       __acrt_fenv_set_status     000000014001ca88 f   libucrt:_fenvutils.obj
 0001:0001bb0c       __strncnt                  000000014001cb0c f   libucrt:strncnt.obj
 0001:0001be84       __acrt_CompareStringA      000000014001ce84 f   libucrt:comparestringa.obj
 0001:0001bf10       __dcrt_lowio_ensure_console_output_initialized 000000014001cf10 f   libucrt:initcon.obj
 0001:0001bf64       __dcrt_terminate_console_output 000000014001cf64 f   libucrt:initcon.obj
 0001:0001bf80       __dcrt_write_console       000000014001cf80 f   libucrt:initcon.obj
 0001:0001c040       _clearfp                   000000014001d040 f   libucrt:ieee.obj
 0001:0001c0b0       _control87                 000000014001d0b0 f   libucrt:ieee.obj
 0001:0001c49c       _handle_error              000000014001d49c f   libucrt:libm_error.obj
 0001:0001c5c4       _handle_nan                000000014001d5c4 f   libucrt:libm_error.obj
 0001:0001c5e0       __acrt_initialize_fma3     000000014001d5e0 f   libucrt:fma3_available.obj
 0001:0001c650       _log10_special             000000014001d650 f   libucrt:log_special.obj
 0001:0001c720       _get_fpsr                  000000014001d720 f   libucrt:fpsr.obj
 0001:0001c730       _set_fpsr                  000000014001d730 f   libucrt:fpsr.obj
 0001:0001c73a       _fclrf                     000000014001d73a f   libucrt:fpsr.obj
 0001:0001c74e       _frnd                      000000014001d74e f   libucrt:fpsr.obj
 0001:0001c770       _raise_exc                 000000014001d770 f   libucrt:fpexcept.obj
 0001:0001c798       _raise_exc_ex              000000014001d798 f   libucrt:fpexcept.obj
 0001:0001caa8       _set_errno_from_matherr    000000014001daa8 f   libucrt:fpexcept.obj
 0001:0001cad8       _clrfp                     000000014001dad8 f   libucrt:fpctrl.obj
 0001:0001caf8       _ctrlfp                    000000014001daf8 f   libucrt:fpctrl.obj
 0001:0001cb74       _set_statfp                000000014001db74 f   libucrt:fpctrl.obj
 0001:0001cb94       _statfp                    000000014001db94 f   libucrt:fpctrl.obj
 0001:0001cbb0       _FindPESection             000000014001dbb0 f   LIBCMT:pesect.obj
 0001:0001cc00       _IsNonwritableInCurrentImage 000000014001dc00 f   LIBCMT:pesect.obj
 0001:0001cc50       _ValidateImageBase         000000014001dc50 f   LIBCMT:pesect.obj
 0001:0001cc90       memcmp                     000000014001dc90 f   libvcruntime:memcmp.obj
 0001:0001cd58       strrchr                    000000014001dd58 f   libvcruntime:strrchr.obj
 0001:0001ce84       strchr                     000000014001de84 f   libvcruntime:strchr.obj
 0001:0001cf20       _guard_dispatch_icall_nop  000000014001df20 f   LIBCMT:guard_dispatch.obj
 0001:0001cf40       _guard_xfg_dispatch_icall_nop 000000014001df40 f   LIBCMT:guard_xfg_dispatch.obj
 0002:00000000       __imp_SetCurrentDirectoryA 000000014001f000     kernel32:KERNEL32.dll
 0002:00000008       __imp_FindClose            000000014001f008     kernel32:KERNEL32.dll
 0002:00000010       __imp_FindFirstFileA       000000014001f010     kernel32:KERNEL32.dll
 0002:00000018       __imp_FindNextFileA        000000014001f018     kernel32:KERNEL32.dll
 0002:00000020       __imp_VirtualAlloc         000000014001f020     kernel32:KERNEL32.dll
 0002:00000028       __imp_VirtualFree          000000014001f028     kernel32:KERNEL32.dll
 0002:00000030       __imp_GetModuleFileNameA   000000014001f030     kernel32:KERNEL32.dll
 0002:00000038       __imp_RtlCaptureContext    000000014001f038     kernel32:KERNEL32.dll
 0002:00000040       __imp_RtlLookupFunctionEntry 000000014001f040     kernel32:KERNEL32.dll
 0002:00000048       __imp_RtlVirtualUnwind     000000014001f048     kernel32:KERNEL32.dll
 0002:00000050       __imp_UnhandledExceptionFilter 000000014001f050     kernel32:KERNEL32.dll
 0002:00000058       __imp_SetUnhandledExceptionFilter 000000014001f058     kernel32:KERNEL32.dll
 0002:00000060       __imp_GetCurrentProcess    000000014001f060     kernel32:KERNEL32.dll
 0002:00000068       __imp_TerminateProcess     000000014001f068     kernel32:KERNEL32.dll
 0002:00000070       __imp_IsProcessorFeaturePresent 000000014001f070     kernel32:KERNEL32.dll
 0002:00000078       __imp_QueryPerformanceCounter 000000014001f078     kernel32:KERNEL32.dll
 0002:00000080       __imp_GetCurrentProcessId  000000014001f080     kernel32:KERNEL32.dll
 0002:00000088       __imp_GetCurrentThreadId   000000014001f088     kernel32:KERNEL32.dll
 0002:00000090       __imp_GetSystemTimeAsFileTime 000000014001f090     kernel32:KERNEL32.dll
 0002:00000098       __imp_InitializeSListHead  000000014001f098     kernel32:KERNEL32.dll
 0002:000000a0       __imp_IsDebuggerPresent    000000014001f0a0     kernel32:KERNEL32.dll
 0002:000000a8       __imp_GetStartupInfoW      000000014001f0a8     kernel32:KERNEL32.dll
 0002:000000b0       __imp_GetModuleHandleW     000000014001f0b0     kernel32:KERNEL32.dll
 0002:000000b8       __imp_WriteConsoleW        000000014001f0b8     kernel32:KERNEL32.dll
 0002:000000c0       __imp_RtlUnwindEx          000000014001f0c0     kernel32:KERNEL32.dll
 0002:000000c8       __imp_GetLastError         000000014001f0c8     kernel32:KERNEL32.dll
 0002:000000d0       __imp_SetLastError         000000014001f0d0     kernel32:KERNEL32.dll
 0002:000000d8       __imp_EnterCriticalSection 000000014001f0d8     kernel32:KERNEL32.dll
 0002:000000e0       __imp_LeaveCriticalSection 000000014001f0e0     kernel32:KERNEL32.dll
 0002:000000e8       __imp_DeleteCriticalSection 000000014001f0e8     kernel32:KERNEL32.dll
 0002:000000f0       __imp_InitializeCriticalSectionAndSpinCount 000000014001f0f0     kernel32:KERNEL32.dll
 0002:000000f8       __imp_TlsAlloc             000000014001f0f8     kernel32:KERNEL32.dll
 0002:00000100       __imp_TlsGetValue          000000014001f100     kernel32:KERNEL32.dll
 0002:00000108       __imp_TlsSetValue          000000014001f108     kernel32:KERNEL32.dll
 0002:00000110       __imp_TlsFree              000000014001f110     kernel32:KERNEL32.dll
 0002:00000118       __imp_FreeLibrary          000000014001f118     kernel32:KERNEL32.dll
 0002:00000120       __imp_GetProcAddress       000000014001f120     kernel32:KERNEL32.dll
 0002:00000128       __imp_LoadLibraryExW       000000014001f128     kernel32:KERNEL32.dll
 0002:00000130       __imp_RaiseException       000000014001f130     kernel32:KERNEL32.dll
 0002:00000138       __imp_ReadFile             000000014001f138     kernel32:KERNEL32.dll
 0002:00000140       __imp_GetStdHandle         000000014001f140     kernel32:KERNEL32.dll
 0002:00000148       __imp_WriteFile            000000014001f148     kernel32:KERNEL32.dll
 0002:00000150       __imp_GetModuleFileNameW   000000014001f150     kernel32:KERNEL32.dll
 0002:00000158       __imp_ExitProcess          000000014001f158     kernel32:KERNEL32.dll
 0002:00000160       __imp_GetModuleHandleExW   000000014001f160     kernel32:KERNEL32.dll
 0002:00000168       __imp_GetCommandLineA      000000014001f168     kernel32:KERNEL32.dll
 0002:00000170       __imp_GetCommandLineW      000000014001f170     kernel32:KERNEL32.dll
 0002:00000178       __imp_HeapAlloc            000000014001f178     kernel32:KERNEL32.dll
 0002:00000180       __imp_HeapFree             000000014001f180     kernel32:KERNEL32.dll
 0002:00000188       __imp_CompareStringW       000000014001f188     kernel32:KERNEL32.dll
 0002:00000190       __imp_LCMapStringW         000000014001f190     kernel32:KERNEL32.dll
 0002:00000198       __imp_GetFileType          000000014001f198     kernel32:KERNEL32.dll
 0002:000001a0       __imp_CloseHandle          000000014001f1a0     kernel32:KERNEL32.dll
 0002:000001a8       __imp_GetConsoleMode       000000014001f1a8     kernel32:KERNEL32.dll
 0002:000001b0       __imp_ReadConsoleW         000000014001f1b0     kernel32:KERNEL32.dll
 0002:000001b8       __imp_SetFilePointerEx     000000014001f1b8     kernel32:KERNEL32.dll
 0002:000001c0       __imp_FindFirstFileExW     000000014001f1c0     kernel32:KERNEL32.dll
 0002:000001c8       __imp_FindNextFileW        000000014001f1c8     kernel32:KERNEL32.dll
 0002:000001d0       __imp_IsValidCodePage      000000014001f1d0     kernel32:KERNEL32.dll
 0002:000001d8       __imp_GetACP               000000014001f1d8     kernel32:KERNEL32.dll
 0002:000001e0       __imp_GetOEMCP             000000014001f1e0     kernel32:KERNEL32.dll
 0002:000001e8       __imp_GetCPInfo            000000014001f1e8     kernel32:KERNEL32.dll
 0002:000001f0       __imp_MultiByteToWideChar  000000014001f1f0     kernel32:KERNEL32.dll
 0002:000001f8       __imp_WideCharToMultiByte  000000014001f1f8     kernel32:KERNEL32.dll
 0002:00000200       __imp_GetEnvironmentStringsW 000000014001f200     kernel32:KERNEL32.dll
 0002:00000208       __imp_FreeEnvironmentStringsW 000000014001f208     kernel32:KERNEL32.dll
 0002:00000210       __imp_SetEnvironmentVariableW 000000014001f210     kernel32:KERNEL32.dll
 0002:00000218       __imp_SetStdHandle         000000014001f218     kernel32:KERNEL32.dll
 0002:00000220       __imp_GetStringTypeW       000000014001f220     kernel32:KERNEL32.dll
 0002:00000228       __imp_GetProcessHeap       000000014001f228     kernel32:KERNEL32.dll
 0002:00000230       __imp_FlushFileBuffers     000000014001f230     kernel32:KERNEL32.dll
 0002:00000238       __imp_GetConsoleOutputCP   000000014001f238     kernel32:KERNEL32.dll
 0002:00000240       __imp_CreateFileW          000000014001f240     kernel32:KERNEL32.dll
 0002:00000248       __imp_GetFileSizeEx        000000014001f248     kernel32:KERNEL32.dll
 0002:00000250       __imp_HeapSize             000000014001f250     kernel32:KERNEL32.dll
 0002:00000258       __imp_HeapReAlloc          000000014001f258     kernel32:KERNEL32.dll
 0002:00000260       __imp_SetEndOfFile         000000014001f260     kernel32:KERNEL32.dll
 0002:00000268       \177KERNEL32_NULL_THUNK_DATA 000000014001f268     kernel32:KERNEL32.dll
 0002:00000270       __guard_check_icall_fptr   000000014001f270     LIBCMT:guard_support.obj
 0002:00000278       __guard_xfg_check_icall_fptr 000000014001f278     LIBCMT:guard_support.obj
 0002:00000280       __guard_dispatch_icall_fptr 000000014001f280     LIBCMT:guard_support.obj
 0002:00000288       __guard_xfg_dispatch_icall_fptr 000000014001f288     LIBCMT:guard_support.obj
 0002:00000290       __guard_xfg_table_dispatch_icall_fptr 000000014001f290     LIBCMT:guard_support.obj
 0002:00000298       __xc_a                     000000014001f298     LIBCMT:initializers.obj
 0002:000002b0       __xc_z                     000000014001f2b0     LIBCMT:initializers.obj
 0002:000002b8       __xi_a                     000000014001f2b8     LIBCMT:initializers.obj
 0002:000002d0       __acrt_stdio_initializer   000000014001f2d0     libucrt:stdio_initializer.obj
 0002:000002d8       __acrt_multibyte_initializer 000000014001f2d8     libucrt:multibyte_initializer.obj
 0002:000002e0       __acrt_fmode_initializer   000000014001f2e0     libucrt:fmode_initializer.obj
 0002:000002e8       __acrt_tran_fma3_initializer 000000014001f2e8     libucrt:fma3_initializer.obj
 0002:000002f0       __xi_z                     000000014001f2f0     LIBCMT:initializers.obj
 0002:000002f8       __xp_a                     000000014001f2f8     LIBCMT:initializers.obj
 0002:00000300       __acrt_locale_terminator   000000014001f300     libucrt:locale_initializer.obj
 0002:00000308       __dcrt_console_output_terminator 000000014001f308     libucrt:console_output_initializer.obj
 0002:00000310       __acrt_stdio_terminator    000000014001f310     libucrt:stdio_initializer.obj
 0002:00000318       __xp_z                     000000014001f318     LIBCMT:initializers.obj
 0002:00000320       __xt_a                     000000014001f320     LIBCMT:initializers.obj
 0002:00000328       __xt_z                     000000014001f328     LIBCMT:initializers.obj
 0002:00000ae8       __real@408f400000000000    000000014001fae8     main.obj
 0002:00000af0       __real@4090000000000000    000000014001faf0     main.obj
 0002:00000b00       __xmm@80000000000000008000000000000000 000000014001fb00     main.obj
 0002:00000b20       __xmm@ffffffffffffffffffffffffffffffff 000000014001fb20     LIBCMT:utility.obj
 0002:00000b30       _pDestructExceptionObject  000000014001fb30     libvcruntime:ehhelpers.obj
 0002:00001240       ??_C@_08EHJDFFNH@__based?$CI@ 0000000140020240     libvcruntime:undname.obj
 0002:00001250       ??_C@_07KOLFKCDI@__cdecl@  0000000140020250     libvcruntime:undname.obj
 0002:00001258       ??_C@_08GHMPAG@__pascal@   0000000140020258     libvcruntime:undname.obj
 0002:00001268       ??_C@_09IFJBGAPI@__stdcall@ 0000000140020268     libvcruntime:undname.obj
 0002:00001278       ??_C@_0L@NPHFGOKO@__thiscall@ 0000000140020278     libvcruntime:undname.obj
 0002:00001288       ??_C@_0L@JMKHOMEK@__fastcall@ 0000000140020288     libvcruntime:undname.obj
 0002:00001298       ??_C@_0N@BCKKPABJ@__vectorcall@ 0000000140020298     libvcruntime:undname.obj
 0002:000012a8       ??_C@_09HIJEGCPM@__clrcall@ 00000001400202a8     libvcruntime:undname.obj
 0002:000012b4       ??_C@_06GHPCKEAG@__eabi@   00000001400202b4     libvcruntime:undname.obj
 0002:000012c0       ??_C@_09IOPIDJLG@__swift_1@ 00000001400202c0     libvcruntime:undname.obj
 0002:000012d0       ??_C@_09KFNFGKHF@__swift_2@ 00000001400202d0     libvcruntime:undname.obj
 0002:000012e0       ??_C@_07JOMMBBKO@__ptr64@  00000001400202e0     libvcruntime:undname.obj
 0002:000012e8       ??_C@_0L@PILCLIHE@__restrict@ 00000001400202e8     libvcruntime:undname.obj
 0002:000012f8       ??_C@_0M@GFIIJFMG@__unaligned@ 00000001400202f8     libvcruntime:undname.obj
 0002:00001308       ??_C@_09DHDLOLLB@restrict?$CI@ 0000000140020308     libvcruntime:undname.obj
 0002:00001312       ??_C@_00CNPNBAHC@@         0000000140020312     libvcruntime:undname.obj
 0002:00001314       ??_C@_04NIHEBCM@?5new@     0000000140020314     libvcruntime:undname.obj
 0002:00001320       ??_C@_07FPCDHGMM@?5delete@ 0000000140020320     libvcruntime:undname.obj
 0002:00001328       ??_C@_01NEMOKFLO@?$DN@     0000000140020328     libvcruntime:undname.obj
 0002:0000132c       ??_C@_02GPIOPFAK@?$DO?$DO@ 000000014002032c     libvcruntime:undname.obj
 0002:00001330       ??_C@_02FODMEDOG@?$DM?$DM@ 0000000140020330     libvcruntime:undname.obj
 0002:00001334       ??_C@_01DCLJPIOD@?$CB@     0000000140020334     libvcruntime:undname.obj
 0002:00001338       ??_C@_02EGOFBIJA@?$DN?$DN@ 0000000140020338     libvcruntime:undname.obj
 0002:0000133c       ??_C@_02FDNJECIE@?$CB?$DN@ 000000014002033c     libvcruntime:undname.obj
 0002:00001340       ??_C@_02GPECMEKF@?$FL?$FN@ 0000000140020340     libvcruntime:undname.obj
 0002:00001348       ??_C@_08LHJFAFGD@operator@ 0000000140020348     libvcruntime:undname.obj
 0002:00001354       ??_C@_02HBOOOICD@?9?$DO@   0000000140020354     libvcruntime:undname.obj
 0002:00001358       ??_C@_01NBENCBCI@?$CK@     0000000140020358     libvcruntime:undname.obj
 0002:0000135c       ??_C@_02ECNGHCIF@?$CL?$CL@ 000000014002035c     libvcruntime:undname.obj
 0002:00001360       ??_C@_02BAABKJLB@?9?9@     0000000140020360     libvcruntime:undname.obj
 0002:00001364       ??_C@_01JOAMLHOP@?9@       0000000140020364     libvcruntime:undname.obj
 0002:00001368       ??_C@_01MIFGBAGJ@?$CL@     0000000140020368     libvcruntime:undname.obj
 0002:0000136c       ??_C@_01HNPIGOCE@?$CG@     000000014002036c     libvcruntime:undname.obj
 0002:00001370       ??_C@_03MNHNFDLC@?9?$DO?$CK@ 0000000140020370     libvcruntime:undname.obj
 0002:00001374       ??_C@_01KMDKNFGN@?1@       0000000140020374     libvcruntime:undname.obj
 0002:00001378       ??_C@_01FGNFDNOH@?$CF@     0000000140020378     libvcruntime:undname.obj
 0002:0000137c       ??_C@_01MNNFJEPP@?$DM@     000000014002037c     libvcruntime:undname.obj
 0002:00001380       ??_C@_02EHCHHCKH@?$DM?$DN@ 0000000140020380     libvcruntime:undname.obj
 0002:00001384       ??_C@_01PPODPGHN@?$DO@     0000000140020384     libvcruntime:undname.obj
 0002:00001388       ??_C@_02EEKDKGMJ@?$DO?$DN@ 0000000140020388     libvcruntime:undname.obj
 0002:0000138c       ??_C@_01IHBHIGKO@?0@       000000014002038c     libvcruntime:undname.obj
 0002:00001390       ??_C@_02HCKGKOFO@?$CI?$CJ@ 0000000140020390     libvcruntime:undname.obj
 0002:00001394       ??_C@_01PJKLJHI@?$HO@      0000000140020394     libvcruntime:undname.obj
 0002:00001398       ??_C@_01JKBOJNNK@?$FO@     0000000140020398     libvcruntime:undname.obj
 0002:0000139c       ??_C@_01DNKMNLPK@?$HM@     000000014002039c     libvcruntime:undname.obj
 0002:000013a0       ??_C@_02PPKAJPJL@?$CG?$CG@ 00000001400203a0     libvcruntime:undname.obj
 0002:000013a4       ??_C@_02NONPIBCD@?$HM?$HM@ 00000001400203a4     libvcruntime:undname.obj
 0002:000013a8       ??_C@_02FPIMKNGF@?$CK?$DN@ 00000001400203a8     libvcruntime:undname.obj
 0002:000013ac       ??_C@_02FOEOMHFC@?$CL?$DN@ 00000001400203ac     libvcruntime:undname.obj
 0002:000013b0       ??_C@_02FKMDLLOA@?9?$DN@   00000001400203b0     libvcruntime:undname.obj
 0002:000013b4       ??_C@_02FJEHGPIO@?1?$DN@   00000001400203b4     libvcruntime:undname.obj
 0002:000013b8       ??_C@_02FENAOKFI@?$CF?$DN@ 00000001400203b8     libvcruntime:undname.obj
 0002:000013bc       ??_C@_03IKFCCPFF@?$DO?$DO?$DN@ 00000001400203bc     libvcruntime:undname.obj
 0002:000013c0       ??_C@_03CDNPDDLA@?$DM?$DM?$DN@ 00000001400203c0     libvcruntime:undname.obj
 0002:000013c4       ??_C@_02FGJGFEAB@?$CG?$DN@ 00000001400203c4     libvcruntime:undname.obj
 0002:000013c8       ??_C@_02DHLNPPGH@?$HM?$DN@ 00000001400203c8     libvcruntime:undname.obj
 0002:000013cc       ??_C@_02MHEGNOJ@?$FO?$DN@  00000001400203cc     libvcruntime:undname.obj
 0002:000013d0       ??_C@_09IFPLHPGF@?$GAvftable?8@ 00000001400203d0     libvcruntime:undname.obj
 0002:000013e0       ??_C@_09BLBHBJP@?$GAvbtable?8@ 00000001400203e0     libvcruntime:undname.obj
 0002:000013f0       ??_C@_07FEEIOKP@?$GAvcall?8@ 00000001400203f0     libvcruntime:undname.obj
 0002:000013f8       ??_C@_08LLFFHHDJ@?$GAtypeof?8@ 00000001400203f8     libvcruntime:undname.obj
 0002:00001408       ??_C@_0BF@KDPPACIK@?$GAlocal?5static?5guard?8@ 0000000140020408     libvcruntime:undname.obj
 0002:00001420       ??_C@_08OBABFOLI@?$GAstring?8@ 0000000140020420     libvcruntime:undname.obj
 0002:00001430       ??_C@_0BD@JDLKDPAB@?$GAvbase?5destructor?8@ 0000000140020430     libvcruntime:undname.obj
 0002:00001448       ??_C@_0BN@DEGPLNFK@?$GAvector?5deleting?5destructor?8@ 0000000140020448     libvcruntime:undname.obj
 0002:00001468       ??_C@_0BO@OBMKPJIG@?$GAdefault?5constructor?5closure?8@ 0000000140020468     libvcruntime:undname.obj
 0002:00001488       ??_C@_0BN@IMDCHIKM@?$GAscalar?5deleting?5destructor?8@ 0000000140020488     libvcruntime:undname.obj
 0002:000014a8       ??_C@_0BO@PFGOCPJJ@?$GAvector?5constructor?5iterator?8@ 00000001400204a8     libvcruntime:undname.obj
 0002:000014c8       ??_C@_0BN@LFPFMEDL@?$GAvector?5destructor?5iterator?8@ 00000001400204c8     libvcruntime:undname.obj
 0002:000014e8       ??_C@_0CE@IKBNEHA@?$GAvector?5vbase?5constructor?5itera@ 00000001400204e8     libvcruntime:undname.obj
 0002:00001510       ??_C@_0BL@NILFHHPC@?$GAvirtual?5displacement?5map?8@ 0000000140020510     libvcruntime:undname.obj
 0002:00001530       ??_C@_0CB@JONCMFFK@?$GAeh?5vector?5constructor?5iterator@ 0000000140020530     libvcruntime:undname.obj
 0002:00001558       ??_C@_0CA@GCEOPDGL@?$GAeh?5vector?5destructor?5iterator?8@ 0000000140020558     libvcruntime:undname.obj
 0002:00001578       ??_C@_0CH@OOJPLCPH@?$GAeh?5vector?5vbase?5constructor?5it@ 0000000140020578     libvcruntime:undname.obj
 0002:000015a0       ??_C@_0BL@LLKPOHJI@?$GAcopy?5constructor?5closure?8@ 00000001400205a0     libvcruntime:undname.obj
 0002:000015c0       ??_C@_0BA@KBCDOMBN@?$GAudt?5returning?8@ 00000001400205c0     libvcruntime:undname.obj
 0002:000015d0       ??_C@_03KLGMFNMG@?$GAEH@   00000001400205d0     libvcruntime:undname.obj
 0002:000015d4       ??_C@_05KHLCHHI@?$GARTTI@  00000001400205d4     libvcruntime:undname.obj
 0002:000015e0       ??_C@_0BA@KKLDJDLB@?$GAlocal?5vftable?8@ 00000001400205e0     libvcruntime:undname.obj
 0002:000015f0       ??_C@_0CE@IIHCMGGL@?$GAlocal?5vftable?5constructor?5clos@ 00000001400205f0     libvcruntime:undname.obj
 0002:00001614       ??_C@_06FHBGPFGH@?5new?$FL?$FN@ 0000000140020614     libvcruntime:undname.obj
 0002:00001620       ??_C@_09LBNFPBCA@?5delete?$FL?$FN@ 0000000140020620     libvcruntime:undname.obj
 0002:00001630       ??_C@_0P@HJKNJFNN@?$GAomni?5callsig?8@ 0000000140020630     libvcruntime:undname.obj
 0002:00001640       ??_C@_0BL@CNOONJFP@?$GAplacement?5delete?5closure?8@ 0000000140020640     libvcruntime:undname.obj
 0002:00001660       ??_C@_0BN@CKNJLHMB@?$GAplacement?5delete?$FL?$FN?5closure?8@ 0000000140020660     libvcruntime:undname.obj
 0002:00001680       ??_C@_0CG@CFDHKGGD@?$GAmanaged?5vector?5constructor?5ite@ 0000000140020680     libvcruntime:undname.obj
 0002:000016a8       ??_C@_0CF@IMGKMJNO@?$GAmanaged?5vector?5destructor?5iter@ 00000001400206a8     libvcruntime:undname.obj
 0002:000016d0       ??_C@_0CG@HLDDJMAG@?$GAeh?5vector?5copy?5constructor?5ite@ 00000001400206d0     libvcruntime:undname.obj
 0002:000016f8       ??_C@_0CM@FCBBDIGB@?$GAeh?5vector?5vbase?5copy?5construct@ 00000001400206f8     libvcruntime:undname.obj
 0002:00001728       ??_C@_0BL@CLIPGLGB@?$GAdynamic?5initializer?5for?5?8@ 0000000140020728     libvcruntime:undname.obj
 0002:00001748       ??_C@_0CB@PDBIFEP@?$GAdynamic?5atexit?5destructor?5for?5@ 0000000140020748     libvcruntime:undname.obj
 0002:00001770       ??_C@_0CD@CGAJBKEJ@?$GAvector?5copy?5constructor?5iterat@ 0000000140020770     libvcruntime:undname.obj
 0002:00001798       ??_C@_0CJ@GJELGAMM@?$GAvector?5vbase?5copy?5constructor?5@ 0000000140020798     libvcruntime:undname.obj
 0002:000017c8       ??_C@_0CL@FGIJHLCE@?$GAmanaged?5vector?5copy?5constructo@ 00000001400207c8     libvcruntime:undname.obj
 0002:000017f8       ??_C@_0BM@PMGGMLDN@?$GAlocal?5static?5thread?5guard?8@ 00000001400207f8     libvcruntime:undname.obj
 0002:00001818       ??_C@_0N@BDNMDMOL@operator?5?$CC?$CC?5@ 0000000140020818     libvcruntime:undname.obj
 0002:00001828       ??_C@_0BC@GGEBGALA@operator?5co_await@ 0000000140020828     libvcruntime:undname.obj
 0002:00001840       ??_C@_0M@GAAIMMOH@operator?$DM?$DN?$DO@ 0000000140020840     libvcruntime:undname.obj
 0002:00001850       ??_C@_0BC@DAFEJGAK@?5Type?5Descriptor?8@ 0000000140020850     libvcruntime:undname.obj
 0002:00001868       ??_C@_0BM@LDKODKLH@?5Base?5Class?5Descriptor?5at?5?$CI@ 0000000140020868     libvcruntime:undname.obj
 0002:00001888       ??_C@_0BD@LGICGFMM@?5Base?5Class?5Array?8@ 0000000140020888     libvcruntime:undname.obj
 0002:000018a0       ??_C@_0BN@MECKDCOJ@?5Class?5Hierarchy?5Descriptor?8@ 00000001400208a0     libvcruntime:undname.obj
 0002:000018c0       ??_C@_0BK@CFCOFLF@?5Complete?5Object?5Locator?8@ 00000001400208c0     libvcruntime:undname.obj
 0002:000018e0       ??_C@_0BG@JNJLAMPM@?$GAanonymous?5namespace?8@ 00000001400208e0     libvcruntime:undname.obj
 0002:00001910       ??_C@_1DM@KHCHBNEB@?$AAa?$AAp?$AAi?$AA?9?$AAm?$AAs?$AA?9?$AAw?$AAi?$AAn?$AA?9?$AAc?$AAo?$AAr?$AAe@ 0000000140020910     libvcruntime:winapi_downlevel.obj
 0002:00001950       ??_C@_1DK@LPPGFMPP@?$AAa?$AAp?$AAi?$AA?9?$AAm?$AAs?$AA?9?$AAw?$AAi?$AAn?$AA?9?$AAc?$AAo?$AAr?$AAe@ 0000000140020950     libvcruntime:winapi_downlevel.obj
 0002:00001990       ??_C@_1BC@GDMECMAK@?$AAk?$AAe?$AAr?$AAn?$AAe?$AAl?$AA3?$AA2@ 0000000140020990     libvcruntime:winapi_downlevel.obj
 0002:000019a8       ??_C@_1BA@PFFKHIOG@?$AAa?$AAp?$AAi?$AA?9?$AAm?$AAs?$AA?9@ 00000001400209a8     libvcruntime:winapi_downlevel.obj
 0002:000019c0       ??_C@_08KNHFBNJ@FlsAlloc@  00000001400209c0     libvcruntime:winapi_downlevel.obj
 0002:000019d8       ??_C@_07PEJMOBNF@FlsFree@  00000001400209d8     libvcruntime:winapi_downlevel.obj
 0002:000019e8       ??_C@_0M@GDNOONDI@FlsGetValue@ 00000001400209e8     libvcruntime:winapi_downlevel.obj
 0002:00001a00       ??_C@_0M@JCPCPOEF@FlsSetValue@ 0000000140020a00     libvcruntime:winapi_downlevel.obj
 0002:00001a18       ??_C@_0BM@HCFOFFN@InitializeCriticalSectionEx@ 0000000140020a18     libvcruntime:winapi_downlevel.obj
 0002:00001a40       ?standard_lookup_table_spectre@__crt_stdio_output@@3V?$spectre_mitigated_lookup_table@Ustate_transition_pair@__crt_stdio_output@@$0IA@@1@B 0000000140020a40     libucrt:output.obj
 0002:00001e40       ??_C@_1O@CEDCILHN@?$AA?$CI?$AAn?$AAu?$AAl?$AAl?$AA?$CJ@ 0000000140020e40     libucrt:output.obj
 0002:00001e50       ??_C@_06OJHGLDPL@?$CInull?$CJ@ 0000000140020e50     libucrt:output.obj
 0002:00001e60       __acrt_exception_action_table 0000000140020e60     libucrt:exception_filter.obj
 0002:00001f20       __acrt_signal_action_table_count 0000000140020f20     libucrt:exception_filter.obj
 0002:00001f28       __acrt_signal_action_first_fpe_index 0000000140020f28     libucrt:exception_filter.obj
 0002:00001f30       __acrt_signal_action_fpe_count 0000000140020f30     libucrt:exception_filter.obj
 0002:00001f38       ??_C@_1BI@BGOHAHKC@?$AAm?$AAs?$AAc?$AAo?$AAr?$AAe?$AAe?$AA?4?$AAd?$AAl?$AAl@ 0000000140020f38     libucrt:exit.obj
 0002:00001f50       ??_C@_0P@MIGLKIOC@CorExitProcess@ 0000000140020f50     libucrt:exit.obj
 0002:00002270       ??_C@_1EA@JGEFHKEI@?$AAa?$AAp?$AAi?$AA?9?$AAm?$AAs?$AA?9?$AAw?$AAi?$AAn?$AA?9?$AAc?$AAo?$AAr?$AAe@ 0000000140021270     libucrt:winapi_thunks.obj
 0002:000022b0       ??_C@_1DI@IJCEHOCB@?$AAa?$AAp?$AAi?$AA?9?$AAm?$AAs?$AA?9?$AAw?$AAi?$AAn?$AA?9?$AAc?$AAo?$AAr?$AAe@ 00000001400212b0     libucrt:winapi_thunks.obj
 0002:000022f0       ??_C@_1EI@MPIAOHOC@?$AAa?$AAp?$AAi?$AA?9?$AAm?$AAs?$AA?9?$AAw?$AAi?$AAn?$AA?9?$AAc?$AAo?$AAr?$AAe@ 00000001400212f0     libucrt:winapi_thunks.obj
 0002:00002340       ??_C@_1FK@FPHCKFIE@?$AAa?$AAp?$AAi?$AA?9?$AAm?$AAs?$AA?9?$AAw?$AAi?$AAn?$AA?9?$AAc?$AAo?$AAr?$AAe@ 0000000140021340     libucrt:winapi_thunks.obj
 0002:000023a0       ??_C@_1EM@DILCGIIO@?$AAa?$AAp?$AAi?$AA?9?$AAm?$AAs?$AA?9?$AAw?$AAi?$AAn?$AA?9?$AAc?$AAo?$AAr?$AAe@ 00000001400213a0     libucrt:winapi_thunks.obj
 0002:000023f0       ??_C@_1DM@LNCGDDPN@?$AAa?$AAp?$AAi?$AA?9?$AAm?$AAs?$AA?9?$AAw?$AAi?$AAn?$AA?9?$AAc?$AAo?$AAr?$AAe@ 00000001400213f0     libucrt:winapi_thunks.obj
 0002:00002430       ??_C@_1DO@FPAPJEMD@?$AAa?$AAp?$AAi?$AA?9?$AAm?$AAs?$AA?9?$AAw?$AAi?$AAn?$AA?9?$AAc?$AAo?$AAr?$AAe@ 0000000140021430     libucrt:winapi_thunks.obj
 0002:00002470       ??_C@_1DK@NDHNAHIO@?$AAa?$AAp?$AAi?$AA?9?$AAm?$AAs?$AA?9?$AAw?$AAi?$AAn?$AA?9?$AAc?$AAo?$AAr?$AAe@ 0000000140021470     libucrt:winapi_thunks.obj
 0002:000024b0       ??_C@_1DM@KGHDGBCM@?$AAa?$AAp?$AAi?$AA?9?$AAm?$AAs?$AA?9?$AAw?$AAi?$AAn?$AA?9?$AAc?$AAo?$AAr?$AAe@ 00000001400214b0     libucrt:winapi_thunks.obj
 0002:000024f0       ??_C@_1EO@IJIOEFOH@?$AAa?$AAp?$AAi?$AA?9?$AAm?$AAs?$AA?9?$AAw?$AAi?$AAn?$AA?9?$AAr?$AAt?$AAc?$AAo@ 00000001400214f0     libucrt:winapi_thunks.obj
 0002:00002540       ??_C@_1FG@HHGEKANL@?$AAa?$AAp?$AAi?$AA?9?$AAm?$AAs?$AA?9?$AAw?$AAi?$AAn?$AA?9?$AAs?$AAe?$AAc?$AAu@ 0000000140021540     libucrt:winapi_thunks.obj
 0002:000025a0       ??_C@_1EG@DBIOJECG@?$AAe?$AAx?$AAt?$AA?9?$AAm?$AAs?$AA?9?$AAw?$AAi?$AAn?$AA?9?$AAn?$AAt?$AAu?$AAs@ 00000001400215a0     libucrt:winapi_thunks.obj
 0002:000025f0       ??_C@_1EO@FIHMJCLF@?$AAe?$AAx?$AAt?$AA?9?$AAm?$AAs?$AA?9?$AAw?$AAi?$AAn?$AA?9?$AAn?$AAt?$AAu?$AAs@ 00000001400215f0     libucrt:winapi_thunks.obj
 0002:00002640       ??_C@_1BC@DNHGCMLG@?$AAa?$AAd?$AAv?$AAa?$AAp?$AAi?$AA3?$AA2@ 0000000140021640     libucrt:winapi_thunks.obj
 0002:00002658       ??_C@_1M@OAIMIKLP@?$AAn?$AAt?$AAd?$AAl?$AAl@ 0000000140021658     libucrt:winapi_thunks.obj
 0002:00002670       ??_C@_1EG@DPGNFKGC@?$AAa?$AAp?$AAi?$AA?9?$AAm?$AAs?$AA?9?$AAw?$AAi?$AAn?$AA?9?$AAa?$AAp?$AAp?$AAm@ 0000000140021670     libucrt:winapi_thunks.obj
 0002:000026b8       ??_C@_1O@BCCLBEOE@?$AAu?$AAs?$AAe?$AAr?$AA3?$AA2@ 00000001400216b8     libucrt:winapi_thunks.obj
 0002:000026c8       ??_C@_1BA@IAIFMGEF@?$AAe?$AAx?$AAt?$AA?9?$AAm?$AAs?$AA?9@ 00000001400216c8     libucrt:winapi_thunks.obj
 0002:000026e0       ??_C@_0BA@FHFNEAED@AreFileApisANSI@ 00000001400216e0     libucrt:winapi_thunks.obj
 0002:000026f8       ??_C@_0BA@IHGNDAEB@CompareStringEx@ 00000001400216f8     libucrt:winapi_thunks.obj
 0002:00002738       ??_C@_0O@KKBNKAPF@LCMapStringEx@ 0000000140021738     libucrt:winapi_thunks.obj
 0002:00002750       ??_C@_0BB@HBDEELFH@LocaleNameToLCID@ 0000000140021750     libucrt:winapi_thunks.obj
 0002:00002768       ??_C@_0CF@OJOFEIGO@AppPolicyGetProcessTerminationM@ 0000000140021768     libucrt:winapi_thunks.obj
 0002:00002790       ?ccs@?1???$__acrt_stdio_parse_mode@D@@YA?AU__acrt_stdio_stream_mode@@QEBD@Z@4QBDB 0000000140021790     libucrt:openfile.obj
 0002:00002794       ?utf8_encoding@?1???$__acrt_stdio_parse_mode@D@@YA?AU__acrt_stdio_stream_mode@@QEBD@Z@4QBDB 0000000140021794     libucrt:openfile.obj
 0002:000027a0       ?utf16_encoding@?1???$__acrt_stdio_parse_mode@D@@YA?AU__acrt_stdio_stream_mode@@QEBD@Z@4QBDB 00000001400217a0     libucrt:openfile.obj
 0002:000027a8       ?unicode_encoding@?1???$__acrt_stdio_parse_mode@D@@YA?AU__acrt_stdio_stream_mode@@QEBD@Z@4QBDB 00000001400217a8     libucrt:openfile.obj
 0002:00002830       ??_C@_03OEIAHPBN@INF@      0000000140021830     libucrt:cvt.obj
 0002:00002834       ??_C@_03OJHLLCGB@inf@      0000000140021834     libucrt:cvt.obj
 0002:00002838       ??_C@_03LKNCIKJB@NAN@      0000000140021838     libucrt:cvt.obj
 0002:0000283c       ??_C@_03LHCJEHON@nan@      000000014002183c     libucrt:cvt.obj
 0002:00002840       ??_C@_09OFJJIMPC@NAN?$CISNAN?$CJ@ 0000000140021840     libucrt:cvt.obj
 0002:00002850       ??_C@_09IPFBKMDL@nan?$CIsnan?$CJ@ 0000000140021850     libucrt:cvt.obj
 0002:00002860       ??_C@_08IKHNHAJ@NAN?$CIIND?$CJ@ 0000000140021860     libucrt:cvt.obj
 0002:00002870       ??_C@_08OFCDMILK@nan?$CIind?$CJ@ 0000000140021870     libucrt:cvt.obj
 0002:0000287c       ??_C@_05KLBDPFGC@e?$CL000@ 000000014002187c     libucrt:cvt.obj
 0002:00002890       __lc_time_c                0000000140021890     libucrt:nlsdata.obj
 0002:00002b50       ??_C@_03KOEHGMDN@Sun@      0000000140021b50     libucrt:nlsdata.obj
 0002:00002b54       ??_C@_03PDAGKDH@Mon@       0000000140021b54     libucrt:nlsdata.obj
 0002:00002b58       ??_C@_03NAGEINEP@Tue@      0000000140021b58     libucrt:nlsdata.obj
 0002:00002b5c       ??_C@_03MHOMLAJA@Wed@      0000000140021b5c     libucrt:nlsdata.obj
 0002:00002b60       ??_C@_03IOFIKPDN@Thu@      0000000140021b60     libucrt:nlsdata.obj
 0002:00002b64       ??_C@_03IDIOELNC@Fri@      0000000140021b64     libucrt:nlsdata.obj
 0002:00002b68       ??_C@_03FEFJNEK@Sat@       0000000140021b68     libucrt:nlsdata.obj
 0002:00002b6c       ??_C@_06OOPIFAJ@Sunday@    0000000140021b6c     libucrt:nlsdata.obj
 0002:00002b74       ??_C@_06JLEDEDGH@Monday@   0000000140021b74     libucrt:nlsdata.obj
 0002:00002b80       ??_C@_07BAAGCFCM@Tuesday@  0000000140021b80     libucrt:nlsdata.obj
 0002:00002b88       ??_C@_09DLIGFAKA@Wednesday@ 0000000140021b88     libucrt:nlsdata.obj
 0002:00002b98       ??_C@_08HACCIKIA@Thursday@ 0000000140021b98     libucrt:nlsdata.obj
 0002:00002ba4       ??_C@_06JECMNKMI@Friday@   0000000140021ba4     libucrt:nlsdata.obj
 0002:00002bb0       ??_C@_08INBOOONO@Saturday@ 0000000140021bb0     libucrt:nlsdata.obj
 0002:00002bbc       ??_C@_03JIHJHPIE@Jan@      0000000140021bbc     libucrt:nlsdata.obj
 0002:00002bc0       ??_C@_03HJBDCHOM@Feb@      0000000140021bc0     libucrt:nlsdata.obj
 0002:00002bc4       ??_C@_03ODNJBKGA@Mar@      0000000140021bc4     libucrt:nlsdata.obj
 0002:00002bc8       ??_C@_03LEOLGMJP@Apr@      0000000140021bc8     libucrt:nlsdata.obj
 0002:00002bcc       ??_C@_03CNMDKL@May@        0000000140021bcc     libucrt:nlsdata.obj
 0002:00002bd0       ??_C@_03IDFGHECI@Jun@      0000000140021bd0     libucrt:nlsdata.obj
 0002:00002bd4       ??_C@_03LBGABGKK@Jul@      0000000140021bd4     libucrt:nlsdata.obj
 0002:00002bd8       ??_C@_03IFJFEIGA@Aug@      0000000140021bd8     libucrt:nlsdata.obj
 0002:00002bdc       ??_C@_03GGCAPAJC@Sep@      0000000140021bdc     libucrt:nlsdata.obj
 0002:00002be0       ??_C@_03BMAOKBAD@Oct@      0000000140021be0     libucrt:nlsdata.obj
 0002:00002be4       ??_C@_03JPJOFNIA@Nov@      0000000140021be4     libucrt:nlsdata.obj
 0002:00002be8       ??_C@_03MKABNOCG@Dec@      0000000140021be8     libucrt:nlsdata.obj
 0002:00002bf0       ??_C@_07CGJPFGJA@January@  0000000140021bf0     libucrt:nlsdata.obj
 0002:00002bf8       ??_C@_08GNJGEPFN@February@ 0000000140021bf8     libucrt:nlsdata.obj
 0002:00002c04       ??_C@_05HPCKOFNC@March@    0000000140021c04     libucrt:nlsdata.obj
 0002:00002c0c       ??_C@_05DMJDNLEJ@April@    0000000140021c0c     libucrt:nlsdata.obj
 0002:00002c14       ??_C@_04CNLMGBGM@June@     0000000140021c14     libucrt:nlsdata.obj
 0002:00002c1c       ??_C@_04MIEPOIFP@July@     0000000140021c1c     libucrt:nlsdata.obj
 0002:00002c24       ??_C@_06LBBHFDDG@August@   0000000140021c24     libucrt:nlsdata.obj
 0002:00002c30       ??_C@_09BHHEALKD@September@ 0000000140021c30     libucrt:nlsdata.obj
 0002:00002c40       ??_C@_07JJNFCEND@October@  0000000140021c40     libucrt:nlsdata.obj
 0002:00002c48       ??_C@_08HCHEGEOA@November@ 0000000140021c48     libucrt:nlsdata.obj
 0002:00002c58       ??_C@_08EDHMEBNP@December@ 0000000140021c58     libucrt:nlsdata.obj
 0002:00002c64       ??_C@_02DEDBPAFC@AM@       0000000140021c64     libucrt:nlsdata.obj
 0002:00002c68       ??_C@_02CJNFDJBF@PM@       0000000140021c68     libucrt:nlsdata.obj
 0002:00002c70       ??_C@_08BPBNCDIB@MM?1dd?1yy@ 0000000140021c70     libucrt:nlsdata.obj
 0002:00002c80       ??_C@_0BE@CKGJFCPC@dddd?0?5MMMM?5dd?0?5yyyy@ 0000000140021c80     libucrt:nlsdata.obj
 0002:00002c98       ??_C@_08JCCMCCIL@HH?3mm?3ss@ 0000000140021c98     libucrt:nlsdata.obj
 0002:00002ca8       ??_C@_17MBGCMIPB@?$AAS?$AAu?$AAn@ 0000000140021ca8     libucrt:nlsdata.obj
 0002:00002cb0       ??_C@_17KBOMKBF@?$AAM?$AAo?$AAn@ 0000000140021cb0     libucrt:nlsdata.obj
 0002:00002cb8       ??_C@_17BMKGEGOJ@?$AAT?$AAu?$AAe@ 0000000140021cb8     libucrt:nlsdata.obj
 0002:00002cc0       ??_C@_17CJEDCEPE@?$AAW?$AAe?$AAd@ 0000000140021cc0     libucrt:nlsdata.obj
 0002:00002cc8       ??_C@_17PDPHAADD@?$AAT?$AAh?$AAu@ 0000000140021cc8     libucrt:nlsdata.obj
 0002:00002cd0       ??_C@_17HFOLPPLP@?$AAF?$AAr?$AAi@ 0000000140021cd0     libucrt:nlsdata.obj
 0002:00002cd8       ??_C@_17GGIBDPIH@?$AAS?$AAa?$AAt@ 0000000140021cd8     libucrt:nlsdata.obj
 0002:00002ce0       ??_C@_1O@IHNHDHPB@?$AAS?$AAu?$AAn?$AAd?$AAa?$AAy@ 0000000140021ce0     libucrt:nlsdata.obj
 0002:00002cf0       ??_C@_1O@MMNBFLIA@?$AAM?$AAo?$AAn?$AAd?$AAa?$AAy@ 0000000140021cf0     libucrt:nlsdata.obj
 0002:00002d00       ??_C@_1BA@ENFBFFEK@?$AAT?$AAu?$AAe?$AAs?$AAd?$AAa?$AAy@ 0000000140021d00     libucrt:nlsdata.obj
 0002:00002d10       ??_C@_1BE@EBOGMDOH@?$AAW?$AAe?$AAd?$AAn?$AAe?$AAs?$AAd?$AAa?$AAy@ 0000000140021d10     libucrt:nlsdata.obj
 0002:00002d28       ??_C@_1BC@HHMNLIHE@?$AAT?$AAh?$AAu?$AAr?$AAs?$AAd?$AAa?$AAy@ 0000000140021d28     libucrt:nlsdata.obj
 0002:00002d40       ??_C@_1O@PDICJHAG@?$AAF?$AAr?$AAi?$AAd?$AAa?$AAy@ 0000000140021d40     libucrt:nlsdata.obj
 0002:00002d50       ??_C@_1BC@ENMNNPAJ@?$AAS?$AAa?$AAt?$AAu?$AAr?$AAd?$AAa?$AAy@ 0000000140021d50     libucrt:nlsdata.obj
 0002:00002d68       ??_C@_17DKNBKCHM@?$AAJ?$AAa?$AAn@ 0000000140021d68     libucrt:nlsdata.obj
 0002:00002d70       ??_C@_17LMDJEKJN@?$AAF?$AAe?$AAb@ 0000000140021d70     libucrt:nlsdata.obj
 0002:00002d78       ??_C@_17CKNLEDEC@?$AAM?$AAa?$AAr@ 0000000140021d78     libucrt:nlsdata.obj
 0002:00002d80       ??_C@_17LFPOIHDD@?$AAA?$AAp?$AAr@ 0000000140021d80     libucrt:nlsdata.obj
 0002:00002d88       ??_C@_17PNNKMEED@?$AAM?$AAa?$AAy@ 0000000140021d88     libucrt:nlsdata.obj
 0002:00002d90       ??_C@_17KCJGOCPB@?$AAJ?$AAu?$AAn@ 0000000140021d90     libucrt:nlsdata.obj
 0002:00002d98       ??_C@_17IJPCKHK@?$AAJ?$AAu?$AAl@ 0000000140021d98     libucrt:nlsdata.obj
 0002:00002da0       ??_C@_17ICPELBCN@?$AAA?$AAu?$AAg@ 0000000140021da0     libucrt:nlsdata.obj
 0002:00002da8       ??_C@_17HCHCOKMG@?$AAS?$AAe?$AAp@ 0000000140021da8     libucrt:nlsdata.obj
 0002:00002db0       ??_C@_17FNLKOI@?$AAO?$AAc?$AAt@ 0000000140021db0     libucrt:nlsdata.obj
 0002:00002db8       ??_C@_17BBDMLCIG@?$AAN?$AAo?$AAv@ 0000000140021db8     libucrt:nlsdata.obj
 0002:00002dc0       ??_C@_17EGKACKIF@?$AAD?$AAe?$AAc@ 0000000140021dc0     libucrt:nlsdata.obj
 0002:00002dc8       ??_C@_1BA@EFMEIEBA@?$AAJ?$AAa?$AAn?$AAu?$AAa?$AAr?$AAy@ 0000000140021dc8     libucrt:nlsdata.obj
 0002:00002dd8       ??_C@_1BC@JGDDFFAM@?$AAF?$AAe?$AAb?$AAr?$AAu?$AAa?$AAr?$AAy@ 0000000140021dd8     libucrt:nlsdata.obj
 0002:00002df0       ??_C@_1M@IKEENEDF@?$AAM?$AAa?$AAr?$AAc?$AAh@ 0000000140021df0     libucrt:nlsdata.obj
 0002:00002e00       ??_C@_1M@GJNLMHFD@?$AAA?$AAp?$AAr?$AAi?$AAl@ 0000000140021e00     libucrt:nlsdata.obj
 0002:00002e10       ??_C@_19EPFLPGAP@?$AAJ?$AAu?$AAn?$AAe@ 0000000140021e10     libucrt:nlsdata.obj
 0002:00002e20       ??_C@_19BIFMLPCD@?$AAJ?$AAu?$AAl?$AAy@ 0000000140021e20     libucrt:nlsdata.obj
 0002:00002e30       ??_C@_1O@PAHLKOAC@?$AAA?$AAu?$AAg?$AAu?$AAs?$AAt@ 0000000140021e30     libucrt:nlsdata.obj
 0002:00002e40       ??_C@_1BE@DKAAMBJL@?$AAS?$AAe?$AAp?$AAt?$AAe?$AAm?$AAb?$AAe?$AAr@ 0000000140021e40     libucrt:nlsdata.obj
 0002:00002e58       ??_C@_1BA@EPANDLNG@?$AAO?$AAc?$AAt?$AAo?$AAb?$AAe?$AAr@ 0000000140021e58     libucrt:nlsdata.obj
 0002:00002e68       ??_C@_1BC@BGLIFPF@?$AAN?$AAo?$AAv?$AAe?$AAm?$AAb?$AAe?$AAr@ 0000000140021e68     libucrt:nlsdata.obj
[...]
 0002:00009c5c       $unwind$__acrt_initialize_lowio 0000000140028c5c     libucrt:ioinit.obj
 0002:00009c7c       $unwind$?initialize_inherited_file_handles_nolock@@YAXXZ 0000000140028c7c     libucrt:ioinit.obj
 0002:00009c98       $unwind$_close             0000000140028c98     libucrt:close.obj
 0002:00009c98       $unwind$_commit            0000000140028c98     libucrt:commit.obj
 0002:00009ca0       $unwind$??$?RV<lambda_751a882b2c74d4b022dec766aa51a29a>@@AEAV<lambda_628dfdc04ba53c8bfc02c9951375f3f5>@@V<lambda_f6c7be5f7998530c34de24c7437d6b54>@@@?$__crt_seh_guarded_call@H@@QEAAH$$QEAV<lambda_751a882b2c74d4b022dec766aa51a29a>@@AEAV<lambda_628dfdc04ba53c8bfc02c9951375f3f5>@@$$QEAV<lambda_f6c7be5f7998530c34de24c7437d6b54>@@@Z 0000000140028ca0     libucrt:close.obj
 0002:00009cc4       $unwind$?__acrt_stdio_allocate_stream@@YA?AV__crt_stdio_stream@@XZ 0000000140028cc4     libucrt:stream.obj
 0002:00009ce4       $unwind$_openfile          0000000140028ce4     libucrt:openfile.obj
 0002:00009cf8       $unwind$_read              0000000140028cf8     libucrt:read.obj
 0002:00009d28       $unwind$_read_nolock       0000000140028d28     libucrt:read.obj
 0002:00009d40       $unwind$?translate_ansi_or_utf8_nolock@@YAHHQEAD_KQEA_W1@Z 0000000140028d40     libucrt:read.obj
 0002:00009d58       $unwind$??$translate_text_mode_nolock@_W@@YAHHQEA_W_K@Z 0000000140028d58     libucrt:read.obj
 0002:00009d70       $unwind$_free_osfhnd       0000000140028d70     libucrt:osfinfo.obj
 0002:00009d70       $unwind$__acrt_stdio_refill_and_read_narrow_nolock 0000000140028d70     libucrt:_filbuf.obj
 0002:00009d84       $unwind$??$common_lseek@_J@@YA_JH_JH@Z 0000000140028d84     libucrt:lseek.obj
 0002:00009db4       $unwind$_wctomb_s_l        0000000140028db4     libucrt:wctomb.obj
 0002:00009dc4       $unwind$?construct_ptd_array@@YAXQEAU__acrt_ptd@@@Z 0000000140028dc4     libucrt:per_thread_data.obj
 0002:00009dcc       $unwind$?destroy_ptd_array@@YAXQEAU__acrt_ptd@@@Z 0000000140028dcc     libucrt:per_thread_data.obj
 0002:00009dd4       $unwind$??$?RV<lambda_0ae27a3a962d80f24befdcbee591983d>@@AEAV<lambda_8d0ee55de4b1038c4002e0adecdf1839>@@V<lambda_dc504788e8f1664fe9b84e20bfb512f2>@@@?$__crt_seh_guarded_call@X@@QEAAX$$QEAV<lambda_0ae27a3a962d80f24befdcbee591983d>@@AEAV<lambda_8d0ee55de4b1038c4002e0adecdf1839>@@$$QEAV<lambda_dc504788e8f1664fe9b84e20bfb512f2>@@@Z 0000000140028dd4     libucrt:per_thread_data.obj
 0002:00009df8       $unwind$??$?RV<lambda_aa87e3671a710a21b5dc78c0bdf72e11>@@AEAV<lambda_92619d2358a28f41a33ba319515a20b9>@@V<lambda_6992ecaafeb10aed2b74cb1fae11a551>@@@?$__crt_seh_guarded_call@X@@QEAAX$$QEAV<lambda_aa87e3671a710a21b5dc78c0bdf72e11>@@AEAV<lambda_92619d2358a28f41a33ba319515a20b9>@@$$QEAV<lambda_6992ecaafeb10aed2b74cb1fae11a551>@@@Z 0000000140028df8     libucrt:per_thread_data.obj
 0002:00009e1c       $unwind$??$?RV<lambda_f2e299630e499de9f9a165e60fcd3db5>@@AEAV<lambda_2ae9d31cdba2644fcbeaf08da7c24588>@@V<lambda_40d01ff24d0e7b3814fdbdcee8eab3c7>@@@?$__crt_seh_guarded_call@X@@QEAAX$$QEAV<lambda_f2e299630e499de9f9a165e60fcd3db5>@@AEAV<lambda_2ae9d31cdba2644fcbeaf08da7c24588>@@$$QEAV<lambda_40d01ff24d0e7b3814fdbdcee8eab3c7>@@@Z 0000000140028e1c     libucrt:per_thread_data.obj
 0002:00009e40       $unwind$??$?RV<lambda_2d41944a1d46af3157314b8a01080d33>@@AEAV<lambda_8f455de75cd7d7f24b4096f044d8b9e6>@@V<lambda_aa500f224e6afead328df44964fe2772>@@@?$__crt_seh_guarded_call@X@@QEAAX$$QEAV<lambda_2d41944a1d46af3157314b8a01080d33>@@AEAV<lambda_8f455de75cd7d7f24b4096f044d8b9e6>@@$$QEAV<lambda_aa500f224e6afead328df44964fe2772>@@@Z 0000000140028e40     libucrt:per_thread_data.obj
 0002:00009e64       $unwind$__acrt_fp_format   0000000140028e64     libucrt:cvt.obj
 0002:00009e7c       $unwind$?fp_format_e_internal@@YAHQEAD_KH_NIQEAU_strflt@@2QEAU__crt_locale_pointers@@@Z 0000000140028e7c     libucrt:cvt.obj
 0002:00009e94       $unwind$?fp_format_a@@YAHQEBNPEAD_KQEAD2H_NIQEAU__crt_locale_pointers@@W4__acrt_rounding_mode@@@Z 0000000140028e94     libucrt:cvt.obj
 0002:00009eb0       $unwind$__dcrt_get_narrow_environment_from_os 0000000140028eb0     libucrt:get_environment_from_os.obj
 0002:00009eb0       $unwind$?fp_format_f_internal@@YAHQEAD_KHQEAU_strflt@@_NQEAU__crt_locale_pointers@@@Z 0000000140028eb0     libucrt:cvt.obj
 0002:00009eb0       $unwind$??$__acrt_wcs_to_mbs_cp@U__crt_win32_buffer_internal_dynamic_resizing@@@@YAHQEB_WAEAV?$__crt_win32_buffer@DU__crt_win32_buffer_internal_dynamic_resizing@@@@I@Z 0000000140028eb0     libucrt:argv_wildcards.obj
 0002:00009ec8       $unwind$?fp_format_g@@YAHQEBNQEAD_K12H_NIW4__acrt_rounding_mode@@QEAU__crt_locale_pointers@@@Z 0000000140028ec8     libucrt:cvt.obj
 0002:00009edc       $unwind$__acrt_stdio_end_temporary_buffering_nolock 0000000140028edc     libucrt:_sftbuf.obj
 0002:00009ee4       $unwind$??$__acrt_mbs_to_wcs_cp@U__crt_win32_buffer_internal_dynamic_resizing@@@@YAHQEBDAEAV?$__crt_win32_buffer@_WU__crt_win32_buffer_internal_dynamic_resizing@@@@I@Z 0000000140028ee4     libucrt:argv_wildcards.obj
 0002:00009efc       $unwind$??$common_expand_argv_wildcards@D@@YAHQEAPEADQEAPEAPEAD@Z 0000000140028efc     libucrt:argv_wildcards.obj
 0002:00009f14       $unwind$??$copy_and_add_argument_to_buffer@D@@YAHQEBD0_KAEAV?$argument_list@D@?A0x5f5c8891@@@Z 0000000140028f14     libucrt:argv_wildcards.obj
 0002:00009f30       $unwind$??$expand_argument_wildcards@D@@YAHQEAD0AEAV?$argument_list@D@?A0x5f5c8891@@@Z 0000000140028f30     libucrt:argv_wildcards.obj
 0002:00009f54       $unwind$__acrt_GetModuleFileNameA 0000000140028f54     libucrt:getmodulefilenamea.obj
 0002:00009f70       $unwind$__dcrt_write_console 0000000140028f70     libucrt:initcon.obj
 0002:00009f70       $unwind$??$__acrt_wcs_to_mbs_cp@U__crt_win32_buffer_no_resizing@@@@YAHQEB_WAEAV?$__crt_win32_buffer@DU__crt_win32_buffer_no_resizing@@@@I@Z 0000000140028f70     libucrt:getmodulefilenamea.obj
 0002:00009f84       $unwind$_setmbcp_nolock    0000000140028f84     libucrt:mbctype.obj
 0002:00009fa4       $unwind$__dcrt_lowio_ensure_console_output_initialized 0000000140028fa4     libucrt:initcon.obj
 0002:00009fa4       $unwind$_isleadbyte_l      0000000140028fa4     libucrt:_wctype.obj
 0002:00009fa4       $unwind$?getSystemCP@@YAHH@Z 0000000140028fa4     libucrt:mbctype.obj
 0002:00009fac       $unwind$?update_thread_multibyte_data_internal@@YAPEAU__crt_multibyte_data@@QEAU__acrt_ptd@@QEAPEAU1@@Z 0000000140028fac     libucrt:mbctype.obj
 0002:00009fd4       $unwind$?setmbcp_internal@@YAHH_NQEAU__acrt_ptd@@QEAPEAU__crt_multibyte_data@@@Z 0000000140028fd4     libucrt:mbctype.obj
 0002:00009fe4       $unwind$?setSBUpLow@@YAXPEAU__crt_multibyte_data@@@Z 0000000140028fe4     libucrt:mbctype.obj
 0002:0000a000       $unwind$??$?RV<lambda_efdfa57d1f175319df784efa44bb7b81>@@AEAV<lambda_5f0a4c1567f8adc6734073e5d1e1b35c>@@V<lambda_2e8a7d3640ea6ccb4c2413664c2db6fd>@@@?$__crt_seh_guarded_call@X@@QEAAX$$QEAV<lambda_efdfa57d1f175319df784efa44bb7b81>@@AEAV<lambda_5f0a4c1567f8adc6734073e5d1e1b35c>@@$$QEAV<lambda_2e8a7d3640ea6ccb4c2413664c2db6fd>@@@Z 0000000140029000     libucrt:mbctype.obj
 0002:0000a024       $unwind$__acrt_WideCharToMultiByte 0000000140029024     libucrt:widechartomultibyte.obj
 0002:0000a030       $unwind$??$common_set_variable_in_environment_nolock@D@@YAHQEADH@Z 0000000140029030     libucrt:setenv.obj
 0002:0000a048       $unwind$??$copy_environment@D@@YAPEAPEADQEAPEAD@Z 0000000140029048     libucrt:setenv.obj
 0002:0000a05c       $unwind$_alloc_osfhnd      000000014002905c     libucrt:osfinfo.obj
 0002:0000a08c       $unwind$__acrt_lowio_destroy_handle_array 000000014002908c     libucrt:osfinfo.obj
 0002:0000a09c       $unwind$__acrt_lowio_ensure_fh_exists 000000014002909c     libucrt:osfinfo.obj
 0002:0000a0c8       $unwind$__acrt_locale_free_monetary 00000001400290c8     libucrt:initmon.obj
 0002:0000a0d0       $unwind$__acrt_locale_free_time 00000001400290d0     libucrt:inittime.obj
 0002:0000a0e0       $unwind$__acrt_GetStringTypeA 00000001400290e0     libucrt:getstringtypea.obj
 0002:0000a108       $unwind$__acrt_update_thread_locale_data 0000000140029108     libucrt:locale_refcounting.obj
 0002:0000a12c       $unwind$_query_new_handler 000000014002912c     libucrt:new_handler.obj
 0002:0000a14c       $unwind$raise              000000014002914c     libucrt:signal.obj
 0002:0000a188       $unwind$??$?RV<lambda_450d765d439847d4c735a33c368b5fc0>@@AEAV<lambda_44731a7d0e6d81c3e6aa82d741081786>@@V<lambda_601a2a7da3b7a96e9554ac7215c4b07c>@@@?$__crt_seh_guarded_call@P6AXH@Z@@QEAAP6AXH@Z$$QEAV<lambda_450d765d439847d4c735a33c368b5fc0>@@AEAV<lambda_44731a7d0e6d81c3e6aa82d741081786>@@$$QEAV<lambda_601a2a7da3b7a96e9554ac7215c4b07c>@@@Z 0000000140029188     libucrt:signal.obj
 0002:0000a1ac       $unwind$_isctype_l         00000001400291ac     libucrt:isctype.obj
 0002:0000a1c8       $unwind$??$?RV<lambda_a37b2b86f63e897a80ea819b0eb08c01>@@AEAV<lambda_38ce7e780aa69e748d6df282ebc68efe>@@V<lambda_99fb1378e971ab6e7edea83e3a7a83a2>@@@?$__crt_seh_guarded_call@H@@QEAAH$$QEAV<lambda_a37b2b86f63e897a80ea819b0eb08c01>@@AEAV<lambda_38ce7e780aa69e748d6df282ebc68efe>@@$$QEAV<lambda_99fb1378e971ab6e7edea83e3a7a83a2>@@@Z 00000001400291c8     libucrt:commit.obj
 0002:0000a1ec       $unwind$_write             00000001400291ec     libucrt:write.obj
 0002:0000a21c       $unwind$_write_nolock      000000014002921c     libucrt:write.obj
 0002:0000a234       $unwind$?write_double_translated_ansi_nolock@@YA?AUwrite_result@?A0x17268360@@HQEBDI@Z 0000000140029234     libucrt:write.obj
 0002:0000a258       $unwind$?write_text_ansi_nolock@@YA?AUwrite_result@?A0x17268360@@HQEBDI@Z 0000000140029258     libucrt:write.obj
 0002:0000a258       $unwind$?write_text_utf16le_nolock@@YA?AUwrite_result@?A0x17268360@@HQEBDI@Z 0000000140029258     libucrt:write.obj
 0002:0000a278       $unwind$?write_text_utf8_nolock@@YA?AUwrite_result@?A0x17268360@@HQEBDI@Z 0000000140029278     libucrt:write.obj
 0002:0000a29c       $unwind$_sopen_nolock      000000014002929c     libucrt:open.obj
 0002:0000a2b8       $unwind$_wsopen_nolock     00000001400292b8     libucrt:open.obj
 0002:0000a2d8       $unwind$??$common_sopen_dispatch@D@@YAHQEBDHHHQEAHH@Z 00000001400292d8     libucrt:open.obj
 0002:0000a2fc       $unwind$?fin$0@?0???$common_sopen_dispatch@D@@YAHQEBDHHHQEAHH@Z@4HA 00000001400292fc     libucrt:open.obj
 0002:0000a304       $unwind$?decode_options@@YA?AUfile_options@?A0xa9d50aae@@HHH@Z 0000000140029304     libucrt:open.obj
 0002:0000a318       $unwind$?truncate_ctrl_z_if_present@@YAHH@Z 0000000140029318     libucrt:open.obj
 0002:0000a328       $unwind$?__mbsrtowcs_utf8@__crt_mbstring@@YA_KPEA_WPEAPEBD_KPEAU_Mbstatet@@@Z 0000000140029328     libucrt:mbrtowc.obj
 0002:0000a340       $unwind$__acrt_fltout      0000000140029340     libucrt:cfout.obj
 0002:0000a360       $unwind$?divide@__crt_strtox@@YA_KAEAUbig_integer@1@AEBU21@@Z 0000000140029360     libucrt:cfout.obj
 0002:0000a378       $chain$0$?divide@__crt_strtox@@YA_KAEAUbig_integer@1@AEBU21@@Z 0000000140029378     libucrt:cfout.obj
 0002:0000a38c       $chain$1$?divide@__crt_strtox@@YA_KAEAUbig_integer@1@AEBU21@@Z 000000014002938c     libucrt:cfout.obj
 0002:0000a39c       $unwind$??$write_buffer_nolock@D@@YA_NDV__crt_stdio_stream@@@Z 000000014002939c     libucrt:_flsbuf.obj
 0002:0000a3ac       $unwind$qsort              00000001400293ac     libucrt:qsort.obj
 0002:0000a3c4       $chain$4$qsort             00000001400293c4     libucrt:qsort.obj
 0002:0000a3e8       $chain$5$qsort             00000001400293e8     libucrt:qsort.obj
 0002:0000a3f8       $unwind$strpbrk            00000001400293f8     libucrt:strpbrk.obj
 0002:0000a408       $unwind$fallbackMethod     0000000140029408     libucrt:strpbrk.obj
 0002:0000a418       $unwind$_mbsdec_l          0000000140029418     libucrt:mbsdec.obj
 0002:0000a424       $unwind$__acrt_LCMapStringA 0000000140029424     libucrt:lcmapstringa.obj
 0002:0000a434       $unwind$?__acrt_LCMapStringA_stat@@YAHPEAU__crt_locale_pointers@@PEB_WKPEBDHPEADHHH@Z 0000000140029434     libucrt:lcmapstringa.obj
 0002:0000a45c       $unwind$_strnicoll_l       000000014002945c     libucrt:strnicol.obj
 0002:0000a470       $unwind$__acrt_SetEnvironmentVariableA 0000000140029470     libucrt:setenvironmentvariablea.obj
 0002:0000a48c       $unwind$_putwch_nolock     000000014002948c     libucrt:putwch.obj
 0002:0000a494       $unwind$?__mbrtoc32_utf8@__crt_mbstring@@YA_KPEA_UPEBD_KPEAU_Mbstatet@@@Z 0000000140029494     libucrt:mbrtoc32.obj
 0002:0000a4b0       $xdatasym                  00000001400294b0     libucrt:log10.obj
 0002:0000a4bc       $unwind$__acrt_fenv_set_control 00000001400294bc     libucrt:_fenvutils.obj
 0002:0000a4cc       $unwind$__acrt_CompareStringA 00000001400294cc     libucrt:comparestringa.obj
 0002:0000a4dc       $unwind$?InternalCompareStringA@@YAHPEAU__crt_locale_pointers@@PEB_WKPEBDH2HH@Z 00000001400294dc     libucrt:comparestringa.obj
 0002:0000a500       $unwind$common_control87   0000000140029500     libucrt:ieee.obj
 0002:0000a52c       $unwind$_call_matherr      000000014002952c     libucrt:libm_error.obj
 0002:0000a534       $unwind$_handle_error      0000000140029534     libucrt:libm_error.obj
 0002:0000a554       $unwind$__acrt_initialize_fma3 0000000140029554     libucrt:fma3_available.obj
 0002:0000a55c       $unwind$_log_special_common 000000014002955c     libucrt:log_special.obj
 0002:0000a568       $xdatasym                  0000000140029568     libucrt:fpsr.obj
 0002:0000a570       $unwind$_raise_exc         0000000140029570     libucrt:fpexcept.obj
 0002:0000a578       $unwind$_raise_exc_ex      0000000140029578     libucrt:fpexcept.obj
 0002:0000a58c       $unwind$_ctrlfp            000000014002958c     libucrt:fpctrl.obj
 0002:0000a5b4       $unwind$_IsNonwritableInCurrentImage 00000001400295b4     LIBCMT:pesect.obj
 0002:0000a5d8       $xdatasym                  00000001400295d8     libvcruntime:memcmp.obj
 0002:0000aa62       .idata$6                   0000000140029a62     kernel32:KERNEL32.dll
 0003:00000000       ?stbsp__period@@3DA        000000014002a000     main.obj
 0003:00000001       ?stbsp__comma@@3DA         000000014002a001     main.obj
 0003:00000010       ?stbsp__digitpair@@3U<unnamed-type-stbsp__digitpair>@@A 000000014002a010     main.obj
 0003:000000e0       ?hex@?1??stbsp_vsprintfcb@@9@4PADA 000000014002a0e0     main.obj
 0003:000000f8       ?hexu@?1??stbsp_vsprintfcb@@9@4PADA 000000014002a0f8     main.obj
 0003:00000150       ?__vcrt_flsindex@@3KA      000000014002a150     libvcruntime:per_thread_data.obj
 0003:00000270       ?errno_no_memory@@3HA      000000014002a270     libucrt:errno.obj
 0003:00000274       ?doserrno_no_memory@@3KA   000000014002a274     libucrt:errno.obj
 0003:000003d0       ?__acrt_flsindex@@3KA      000000014002a3d0     libucrt:per_thread_data.obj
 0003:00000780       _mbctypes                  000000014002a780     libucrt:mbctype.obj
 0003:00000890       _mbcasemaps                000000014002a890     libucrt:mbctype.obj
 0003:00000990       ?__rgctypeflag@@3PADA      000000014002a990     libucrt:mbctype.obj
 0003:000009a0       ?__rgcode_page_info@@3PAUcode_page_info@@A 000000014002a9a0     libucrt:mbctype.obj
 0003:00000b40       ?__dcrt_lowio_console_output_handle@@3PEAXEA 000000014002ab40     libucrt:initcon.obj
 0003:00000b48       ?dazSupported@?1??common_control87@@9@9 000000014002ab48     libucrt:ieee.obj
 0003:00000b50       ?dazSupported@?1??_ctrlfp@@9@9 000000014002ab50     libucrt:fpctrl.obj
 0003:00000b70       ?MONTH_STRINGS@@3PAUString@@A 000000014002ab70     main.obj
 0003:00000c30       GS_ExceptionRecord         000000014002ac30     LIBCMT:gs_report.obj
 0003:00000cd0       GS_ContextRecord           000000014002acd0     LIBCMT:gs_report.obj
 0003:000011b0       ?is_initialized_as_dll@@3_NA 000000014002b1b0     LIBCMT:utility.obj
 0003:000011b1       ?module_local_atexit_table_initialized@@3_NA 000000014002b1b1     LIBCMT:utility.obj
 0003:000011b8       ?module_local_atexit_table@@3U_onexit_table_t@@A 000000014002b1b8     LIBCMT:utility.obj
 0003:000011d0       ?module_local_at_quick_exit_table@@3U_onexit_table_t@@A 000000014002b1d0     LIBCMT:utility.obj
 0003:00001230       ?__vcrt_startup_thread_ptd@@3U__vcrt_ptd@@A 000000014002b230     libvcruntime:per_thread_data.obj
 0003:000012b0       __vcrt_lock_table          000000014002b2b0     libvcruntime:locks.obj
 0003:000012d8       __vcrt_locks_initialized   000000014002b2d8     libvcruntime:locks.obj
 0003:00001320       ?heap@@3V_HeapManager@@A   000000014002b320     libvcruntime:undname.obj
 0003:00001348       ?module_handles@@3PAPEAUHINSTANCE__@@A 000000014002b348     libvcruntime:winapi_downlevel.obj
 0003:00001360       ?function_pointers@@3PAPEAXA 000000014002b360     libvcruntime:winapi_downlevel.obj
 0003:000013a4       ?__acrt_app_type@@3W4_crt_app_type@@A 000000014002b3a4     libucrt:report_runtime_error.obj
 0003:000013a8       ?user_matherr@@3V?$dual_state_global@P6AHPEAU_exception@@@Z@__crt_state_management@@A 000000014002b3a8     libucrt:matherr.obj
 0003:000013b0       ?program_name@?1???$common_configure_argv@D@@YAHW4_crt_argv_mode@@@Z@4PADA 000000014002b3b0     libucrt:argv_parsing.obj
 0003:000014d8       ?c_termination_complete@@3JA 000000014002b4d8     libucrt:exit.obj
 0003:000014e0       ?thread_local_exit_callback_func@@3P6AXPEAXK0@ZEA 000000014002b4e0     libucrt:exit.obj
 0003:00001524       ?__acrt_global_new_mode@@3V?$dual_state_global@J@__crt_state_management@@A 000000014002b524     libucrt:new_mode.obj
 0003:00001560       ?__acrt_invalid_parameter_handler@@3V?$dual_state_global@P6AXPEB_W00I_K@Z@__crt_state_management@@A 000000014002b560     libucrt:invalid_parameter.obj
 0003:00001570       ?module_handles@@3PAPEAUHINSTANCE__@@A 000000014002b570     libucrt:winapi_thunks.obj
 0003:00001610       ?encoded_function_pointers@@3PAPEAXA 000000014002b610     libucrt:winapi_thunks.obj
 0003:00001b28       ?internal_state@?1??_mbtowc_l@@9@4U_Mbstatet@@A 000000014002bb28     libucrt:mbtowc.obj
 0003:00001b30       ?enable_percent_n@@3_KA    000000014002bb30     libucrt:printf_count_output.obj
 0003:00001b68       ?fSystemSet@@3HA           000000014002bb68     libucrt:mbctype.obj
 0003:00001b6c       ?initialized@?1??__acrt_initialize_multibyte@@9@4_NA 000000014002bb6c     libucrt:mbctype.obj
 0003:00001b70       ?__acrt_lock_table@@3PAU_RTL_CRITICAL_SECTION@@A 000000014002bb70     libucrt:locks.obj
 0003:00001da0       ?__acrt_locks_initialized@@3IA 000000014002bda0     libucrt:locks.obj
 0003:00001db8       ?__acrt_new_handler@@3V?$dual_state_global@P6AH_K@Z@__crt_state_management@@A 000000014002bdb8     libucrt:new_handler.obj
 0003:00001dc0       ?ctrlc_action@@3V?$dual_state_global@P6AXH@Z@__crt_state_management@@A 000000014002bdc0     libucrt:signal.obj
 0003:00001dc8       ?ctrlbreak_action@@3V?$dual_state_global@P6AXH@Z@__crt_state_management@@A 000000014002bdc8     libucrt:signal.obj
 0003:00001dd0       ?abort_action@@3V?$dual_state_global@P6AXH@Z@__crt_state_management@@A 000000014002bdd0     libucrt:signal.obj
 0003:00001dd8       ?term_action@@3V?$dual_state_global@P6AXH@Z@__crt_state_management@@A 000000014002bdd8     libucrt:signal.obj
 0003:00001de8       ?internal_pst@?1??__mbrtoc32_utf8@__crt_mbstring@@YA_KPEA_UPEBD_KPEAU_Mbstatet@@@Z@4U3@A 000000014002bde8     libucrt:mbrtoc32.obj
 0005:00000000       MsetTab                    000000014002e000     libvcruntime:memset.obj
 0005:00000050       MoveSmall                  000000014002e050     libvcruntime:memcpy.obj
 0005:00000090       MoveSmallYmm               000000014002e090     libvcruntime:memcpy.obj
 0005:000000b4       MoveSmallYmmNT             000000014002e0b4     libvcruntime:memcpy.obj
 0005:000000d8       MoveSmallXmm               000000014002e0d8     libvcruntime:memcpy.obj
